Archive member included to satisfy reference by file (symbol)

C:/ST/STM32CubeIDE_1.14.1/STM32CubeIDE/plugins/com.st.stm32cube.ide.mcu.externaltools.gnu-tools-for-stm32.11.3.rel1.win32_1.1.100.202309141235/tools/bin/../lib/gcc/arm-none-eabi/11.3.1/../../../../arm-none-eabi/lib/thumb/v7e-m+fp/hard\libc_nano.a(libc_a-exit.o)
                              C:/ST/STM32CubeIDE_1.14.1/STM32CubeIDE/plugins/com.st.stm32cube.ide.mcu.externaltools.gnu-tools-for-stm32.11.3.rel1.win32_1.1.100.202309141235/tools/bin/../lib/gcc/arm-none-eabi/11.3.1/../../../../arm-none-eabi/lib/thumb/v7e-m+fp/hard/crt0.o (exit)
C:/ST/STM32CubeIDE_1.14.1/STM32CubeIDE/plugins/com.st.stm32cube.ide.mcu.externaltools.gnu-tools-for-stm32.11.3.rel1.win32_1.1.100.202309141235/tools/bin/../lib/gcc/arm-none-eabi/11.3.1/../../../../arm-none-eabi/lib/thumb/v7e-m+fp/hard\libc_nano.a(libc_a-nano-vfprintf_float.o)
                              (_printf_float)
C:/ST/STM32CubeIDE_1.14.1/STM32CubeIDE/plugins/com.st.stm32cube.ide.mcu.externaltools.gnu-tools-for-stm32.11.3.rel1.win32_1.1.100.202309141235/tools/bin/../lib/gcc/arm-none-eabi/11.3.1/../../../../arm-none-eabi/lib/thumb/v7e-m+fp/hard\libc_nano.a(libc_a-nano-vfprintf_i.o)
                              C:/ST/STM32CubeIDE_1.14.1/STM32CubeIDE/plugins/com.st.stm32cube.ide.mcu.externaltools.gnu-tools-for-stm32.11.3.rel1.win32_1.1.100.202309141235/tools/bin/../lib/gcc/arm-none-eabi/11.3.1/../../../../arm-none-eabi/lib/thumb/v7e-m+fp/hard\libc_nano.a(libc_a-nano-vfprintf_float.o) (_printf_common)
C:/ST/STM32CubeIDE_1.14.1/STM32CubeIDE/plugins/com.st.stm32cube.ide.mcu.externaltools.gnu-tools-for-stm32.11.3.rel1.win32_1.1.100.202309141235/tools/bin/../lib/gcc/arm-none-eabi/11.3.1/../../../../arm-none-eabi/lib/thumb/v7e-m+fp/hard\libc_nano.a(libc_a-nano-vfscanf_float.o)
                              (_scanf_float)
C:/ST/STM32CubeIDE_1.14.1/STM32CubeIDE/plugins/com.st.stm32cube.ide.mcu.externaltools.gnu-tools-for-stm32.11.3.rel1.win32_1.1.100.202309141235/tools/bin/../lib/gcc/arm-none-eabi/11.3.1/../../../../arm-none-eabi/lib/thumb/v7e-m+fp/hard\libc_nano.a(libc_a-findfp.o)
                              C:/ST/STM32CubeIDE_1.14.1/STM32CubeIDE/plugins/com.st.stm32cube.ide.mcu.externaltools.gnu-tools-for-stm32.11.3.rel1.win32_1.1.100.202309141235/tools/bin/../lib/gcc/arm-none-eabi/11.3.1/../../../../arm-none-eabi/lib/thumb/v7e-m+fp/hard\libc_nano.a(libc_a-exit.o) (__stdio_exit_handler)
C:/ST/STM32CubeIDE_1.14.1/STM32CubeIDE/plugins/com.st.stm32cube.ide.mcu.externaltools.gnu-tools-for-stm32.11.3.rel1.win32_1.1.100.202309141235/tools/bin/../lib/gcc/arm-none-eabi/11.3.1/../../../../arm-none-eabi/lib/thumb/v7e-m+fp/hard\libc_nano.a(libc_a-fwalk.o)
                              C:/ST/STM32CubeIDE_1.14.1/STM32CubeIDE/plugins/com.st.stm32cube.ide.mcu.externaltools.gnu-tools-for-stm32.11.3.rel1.win32_1.1.100.202309141235/tools/bin/../lib/gcc/arm-none-eabi/11.3.1/../../../../arm-none-eabi/lib/thumb/v7e-m+fp/hard\libc_nano.a(libc_a-findfp.o) (_fwalk_sglue)
C:/ST/STM32CubeIDE_1.14.1/STM32CubeIDE/plugins/com.st.stm32cube.ide.mcu.externaltools.gnu-tools-for-stm32.11.3.rel1.win32_1.1.100.202309141235/tools/bin/../lib/gcc/arm-none-eabi/11.3.1/../../../../arm-none-eabi/lib/thumb/v7e-m+fp/hard\libc_nano.a(libc_a-sprintf.o)
                              ./Core/Src/gps.o (sprintf)
C:/ST/STM32CubeIDE_1.14.1/STM32CubeIDE/plugins/com.st.stm32cube.ide.mcu.externaltools.gnu-tools-for-stm32.11.3.rel1.win32_1.1.100.202309141235/tools/bin/../lib/gcc/arm-none-eabi/11.3.1/../../../../arm-none-eabi/lib/thumb/v7e-m+fp/hard\libc_nano.a(libc_a-sscanf.o)
                              ./Core/Src/gps.o (sscanf)
C:/ST/STM32CubeIDE_1.14.1/STM32CubeIDE/plugins/com.st.stm32cube.ide.mcu.externaltools.gnu-tools-for-stm32.11.3.rel1.win32_1.1.100.202309141235/tools/bin/../lib/gcc/arm-none-eabi/11.3.1/../../../../arm-none-eabi/lib/thumb/v7e-m+fp/hard\libc_nano.a(libc_a-stdio.o)
                              C:/ST/STM32CubeIDE_1.14.1/STM32CubeIDE/plugins/com.st.stm32cube.ide.mcu.externaltools.gnu-tools-for-stm32.11.3.rel1.win32_1.1.100.202309141235/tools/bin/../lib/gcc/arm-none-eabi/11.3.1/../../../../arm-none-eabi/lib/thumb/v7e-m+fp/hard\libc_nano.a(libc_a-findfp.o) (__sread)
C:/ST/STM32CubeIDE_1.14.1/STM32CubeIDE/plugins/com.st.stm32cube.ide.mcu.externaltools.gnu-tools-for-stm32.11.3.rel1.win32_1.1.100.202309141235/tools/bin/../lib/gcc/arm-none-eabi/11.3.1/../../../../arm-none-eabi/lib/thumb/v7e-m+fp/hard\libc_nano.a(libc_a-memset.o)
                              C:/ST/STM32CubeIDE_1.14.1/STM32CubeIDE/plugins/com.st.stm32cube.ide.mcu.externaltools.gnu-tools-for-stm32.11.3.rel1.win32_1.1.100.202309141235/tools/bin/../lib/gcc/arm-none-eabi/11.3.1/../../../../arm-none-eabi/lib/thumb/v7e-m+fp/hard/crt0.o (memset)
[...]
Memory Configuration

Name             Origin             Length             Attributes
RAM              0x0000000020000000 0x0000000000018000 xrw
RAM2             0x0000000010000000 0x0000000000008000 xrw
FLASH            0x0000000008000000 0x0000000000100000 xr
*default*        0x0000000000000000 0xffffffffffffffff

Linker script and memory map

LOAD C:/ST/STM32CubeIDE_1.14.1/STM32CubeIDE/plugins/com.st.stm32cube.ide.mcu.externaltools.gnu-tools-for-stm32.11.3.rel1.win32_1.1.100.202309141235/tools/bin/../lib/gcc/arm-none-eabi/11.3.1/thumb/v7e-m+fp/hard/crti.o
LOAD C:/ST/STM32CubeIDE_1.14.1/STM32CubeIDE/plugins/com.st.stm32cube.ide.mcu.externaltools.gnu-tools-for-stm32.11.3.rel1.win32_1.1.100.202309141235/tools/bin/../lib/gcc/arm-none-eabi/11.3.1/thumb/v7e-m+fp/hard/crtbegin.o
LOAD C:/ST/STM32CubeIDE_1.14.1/STM32CubeIDE/plugins/com.st.stm32cube.ide.mcu.externaltools.gnu-tools-for-stm32.11.3.rel1.win32_1.1.100.202309141235/tools/bin/../lib/gcc/arm-none-eabi/11.3.1/../../../../arm-none-eabi/lib/thumb/v7e-m+fp/hard/crt0.o
LOAD ./Core/Src/display.o
LOAD ./Core/Src/gpio.o
LOAD ./Core/Src/gps.o
LOAD ./Core/Src/ht16k33.o
LOAD ./Core/Src/i2c.o
LOAD ./Core/Src/main.o
LOAD ./Core/Src/stm32l4xx_hal_msp.o
LOAD ./Core/Src/stm32l4xx_it.o
LOAD ./Core/Src/syscalls.o
LOAD ./Core/Src/sysmem.o
LOAD ./Core/Src/system_stm32l4xx.o
LOAD ./Core/Src/tim.o
LOAD ./Core/Src/usart.o
LOAD ./Core/Startup/startup_stm32l476rgtx.o
LOAD ./Drivers/STM32L4xx_HAL_Driver/Src/stm32l4xx_hal.o
LOAD ./Drivers/STM32L4xx_HAL_Driver/Src/stm32l4xx_hal_cortex.o
LOAD ./Drivers/STM32L4xx_HAL_Driver/Src/stm32l4xx_hal_dma.o
LOAD ./Drivers/STM32L4xx_HAL_Driver/Src/stm32l4xx_hal_dma_ex.o
LOAD ./Drivers/STM32L4xx_HAL_Driver/Src/stm32l4xx_hal_exti.o
LOAD ./Drivers/STM32L4xx_HAL_Driver/Src/stm32l4xx_hal_flash.o
LOAD ./Drivers/STM32L4xx_HAL_Driver/Src/stm32l4xx_hal_flash_ex.o
LOAD ./Drivers/STM32L4xx_HAL_Driver/Src/stm32l4xx_hal_flash_ramfunc.o
LOAD ./Drivers/STM32L4xx_HAL_Driver/Src/stm32l4xx_hal_gpio.o
LOAD ./Drivers/STM32L4xx_HAL_Driver/Src/stm32l4xx_hal_i2c.o
LOAD ./Drivers/STM32L4xx_HAL_Driver/Src/stm32l4xx_hal_i2c_ex.o
LOAD ./Drivers/STM32L4xx_HAL_Driver/Src/stm32l4xx_hal_pwr.o
LOAD ./Drivers/STM32L4xx_HAL_Driver/Src/stm32l4xx_hal_pwr_ex.o
LOAD ./Drivers/STM32L4xx_HAL_Driver/Src/stm32l4xx_hal_rcc.o
LOAD ./Drivers/STM32L4xx_HAL_Driver/Src/stm32l4xx_hal_rcc_ex.o
LOAD ./Drivers/STM32L4xx_HAL_Driver/Src/stm32l4xx_hal_tim.o
LOAD ./Drivers/STM32L4xx_HAL_Driver/Src/stm32l4xx_hal_tim_ex.o
LOAD ./Drivers/STM32L4xx_HAL_Driver/Src/stm32l4xx_hal_uart.o
LOAD ./Drivers/STM32L4xx_HAL_Driver/Src/stm32l4xx_hal_uart_ex.o
START GROUP
LOAD C:/ST/STM32CubeIDE_1.14.1/STM32CubeIDE/plugins/com.st.stm32cube.ide.mcu.externaltools.gnu-tools-for-stm32.11.3.rel1.win32_1.1.100.202309141235/tools/bin/../lib/gcc/arm-none-eabi/11.3.1/../../../../arm-none-eabi/lib/thumb/v7e-m+fp/hard\libc_nano.a
LOAD C:/ST/STM32CubeIDE_1.14.1/STM32CubeIDE/plugins/com.st.stm32cube.ide.mcu.externaltools.gnu-tools-for-stm32.11.3.rel1.win32_1.1.100.202309141235/tools/bin/../lib/gcc/arm-none-eabi/11.3.1/../../../../arm-none-eabi/lib/thumb/v7e-m+fp/hard\libm.a
END GROUP
START GROUP
LOAD C:/ST/STM32CubeIDE_1.14.1/STM32CubeIDE/plugins/com.st.stm32cube.ide.mcu.externaltools.gnu-tools-for-stm32.11.3.rel1.win32_1.1.100.202309141235/tools/bin/../lib/gcc/arm-none-eabi/11.3.1/thumb/v7e-m+fp/hard\libgcc.a
LOAD C:/ST/STM32CubeIDE_1.14.1/STM32CubeIDE/plugins/com.st.stm32cube.ide.mcu.externaltools.gnu-tools-for-stm32.11.3.rel1.win32_1.1.100.202309141235/tools/bin/../lib/gcc/arm-none-eabi/11.3.1/../../../../arm-none-eabi/lib/thumb/v7e-m+fp/hard\libc_nano.a
END GROUP
START GROUP
LOAD C:/ST/STM32CubeIDE_1.14.1/STM32CubeIDE/plugins/com.st.stm32cube.ide.mcu.externaltools.gnu-tools-for-stm32.11.3.rel1.win32_1.1.100.202309141235/tools/bin/../lib/gcc/arm-none-eabi/11.3.1/thumb/v7e-m+fp/hard\libgcc.a
LOAD C:/ST/STM32CubeIDE_1.14.1/STM32CubeIDE/plugins/com.st.stm32cube.ide.mcu.externaltools.gnu-tools-for-stm32.11.3.rel1.win32_1.1.100.202309141235/tools/bin/../lib/gcc/arm-none-eabi/11.3.1/../../../../arm-none-eabi/lib/thumb/v7e-m+fp/hard\libc_nano.a
LOAD C:/ST/STM32CubeIDE_1.14.1/STM32CubeIDE/plugins/com.st.stm32cube.ide.mcu.externaltools.gnu-tools-for-stm32.11.3.rel1.win32_1.1.100.202309141235/tools/bin/../lib/gcc/arm-none-eabi/11.3.1/../../../../arm-none-eabi/lib/thumb/v7e-m+fp/hard\libnosys.a
END GROUP
START GROUP
LOAD C:/ST/STM32CubeIDE_1.14.1/STM32CubeIDE/plugins/com.st.stm32cube.ide.mcu.externaltools.gnu-tools-for-stm32.11.3.rel1.win32_1.1.100.202309141235/tools/bin/../lib/gcc/arm-none-eabi/11.3.1/thumb/v7e-m+fp/hard\libgcc.a
LOAD C:/ST/STM32CubeIDE_1.14.1/STM32CubeIDE/plugins/com.st.stm32cube.ide.mcu.externaltools.gnu-tools-for-stm32.11.3.rel1.win32_1.1.100.202309141235/tools/bin/../lib/gcc/arm-none-eabi/11.3.1/../../../../arm-none-eabi/lib/thumb/v7e-m+fp/hard\libc_nano.a
LOAD C:/ST/STM32CubeIDE_1.14.1/STM32CubeIDE/plugins/com.st.stm32cube.ide.mcu.externaltools.gnu-tools-for-stm32.11.3.rel1.win32_1.1.100.202309141235/tools/bin/../lib/gcc/arm-none-eabi/11.3.1/../../../../arm-none-eabi/lib/thumb/v7e-m+fp/hard\libnosys.a
END GROUP
LOAD C:/ST/STM32CubeIDE_1.14.1/STM32CubeIDE/plugins/com.st.stm32cube.ide.mcu.externaltools.gnu-tools-for-stm32.11.3.rel1.win32_1.1.100.202309141235/tools/bin/../lib/gcc/arm-none-eabi/11.3.1/thumb/v7e-m+fp/hard/crtend.o
LOAD C:/ST/STM32CubeIDE_1.14.1/STM32CubeIDE/plugins/com.st.stm32cube.ide.mcu.externaltools.gnu-tools-for-stm32.11.3.rel1.win32_1.1.100.202309141235/tools/bin/../lib/gcc/arm-none-eabi/11.3.1/thumb/v7e-m+fp/hard/crtn.o
                0x0000000020018000                _estack = (ORIGIN (RAM) + LENGTH (RAM))
                0x0000000000000200                _Min_Heap_Size = 0x200
                0x0000000000000400                _Min_Stack_Size = 0x400

.isr_vector     0x0000000008000000      0x188
                0x0000000008000000                . = ALIGN (0x4)
 *(.isr_vector)
 .isr_vector    0x0000000008000000      0x188 ./Core/Startup/startup_stm32l476rgtx.o
                0x0000000008000000                g_pfnVectors
                0x0000000008000188                . = ALIGN (0x4)

.text           0x0000000008000190     0xb5d8
                0x0000000008000190                . = ALIGN (0x4)
 *(.text)
 .text          0x0000000008000190       0x40 C:/ST/STM32CubeIDE_1.14.1/STM32CubeIDE/plugins/com.st.stm32cube.ide.mcu.externaltools.gnu-tools-for-stm32.11.3.rel1.win32_1.1.100.202309141235/tools/bin/../lib/gcc/arm-none-eabi/11.3.1/thumb/v7e-m+fp/hard/crtbegin.o
 .text          0x00000000080001d0       0xa0 C:/ST/STM32CubeIDE_1.14.1/STM32CubeIDE/plugins/com.st.stm32cube.ide.mcu.externaltools.gnu-tools-for-stm32.11.3.rel1.win32_1.1.100.202309141235/tools/bin/../lib/gcc/arm-none-eabi/11.3.1/../../../../arm-none-eabi/lib/thumb/v7e-m+fp/hard\libc_nano.a(libc_a-memchr.o)
                0x00000000080001d0                memchr
 .text          0x0000000008000270       0x10 C:/ST/STM32CubeIDE_1.14.1/STM32CubeIDE/plugins/com.st.stm32cube.ide.mcu.externaltools.gnu-tools-for-stm32.11.3.rel1.win32_1.1.100.202309141235/tools/bin/../lib/gcc/arm-none-eabi/11.3.1/../../../../arm-none-eabi/lib/thumb/v7e-m+fp/hard\libc_nano.a(libc_a-strlen.o)
                0x0000000008000270                strlen
 .text          0x0000000008000280      0x378 C:/ST/STM32CubeIDE_1.14.1/STM32CubeIDE/plugins/com.st.stm32cube.ide.mcu.externaltools.gnu-tools-for-stm32.11.3.rel1.win32_1.1.100.202309141235/tools/bin/../lib/gcc/arm-none-eabi/11.3.1/thumb/v7e-m+fp/hard\libgcc.a(_arm_addsubdf3.o)
                0x0000000008000280                __aeabi_drsub
                0x0000000008000288                __aeabi_dsub
                0x0000000008000288                __subdf3
                0x000000000800028c                __aeabi_dadd
                0x000000000800028c                __adddf3
                0x0000000008000504                __floatunsidf
                0x0000000008000504                __aeabi_ui2d
                0x0000000008000524                __floatsidf
                0x0000000008000524                __aeabi_i2d
                0x0000000008000548                __aeabi_f2d
                0x0000000008000548                __extendsfdf2
                0x000000000800058c                __floatundidf
                0x000000000800058c                __aeabi_ul2d
                0x000000000800059c                __floatdidf
                0x000000000800059c                __aeabi_l2d
 .text          0x00000000080005f8      0x424 C:/ST/STM32CubeIDE_1.14.1/STM32CubeIDE/plugins/com.st.stm32cube.ide.mcu.externaltools.gnu-tools-for-stm32.11.3.rel1.win32_1.1.100.202309141235/tools/bin/../lib/gcc/arm-none-eabi/11.3.1/thumb/v7e-m+fp/hard\libgcc.a(_arm_muldivdf3.o)
                0x00000000080005f8                __aeabi_dmul
                0x00000000080005f8                __muldf3
                0x000000000800084c                __divdf3
                0x000000000800084c                __aeabi_ddiv
 .text          0x0000000008000a1c      0x110 C:/ST/STM32CubeIDE_1.14.1/STM32CubeIDE/plugins/com.st.stm32cube.ide.mcu.externaltools.gnu-tools-for-stm32.11.3.rel1.win32_1.1.100.202309141235/tools/bin/../lib/gcc/arm-none-eabi/11.3.1/thumb/v7e-m+fp/hard\libgcc.a(_arm_cmpdf2.o)
                0x0000000008000a1c                __gtdf2
                0x0000000008000a1c                __gedf2
                0x0000000008000a24                __ltdf2
                0x0000000008000a24                __ledf2
                0x0000000008000a2c                __nedf2
                0x0000000008000a2c                __eqdf2
                0x0000000008000a2c                __cmpdf2
                0x0000000008000aa8                __aeabi_cdrcmple
                0x0000000008000ab8                __aeabi_cdcmpeq
                0x0000000008000ab8                __aeabi_cdcmple
                0x0000000008000ac8                __aeabi_dcmpeq
                0x0000000008000adc                __aeabi_dcmplt
                0x0000000008000af0                __aeabi_dcmple
                0x0000000008000b04                __aeabi_dcmpge
                0x0000000008000b18                __aeabi_dcmpgt
 .text          0x0000000008000b2c       0x2c C:/ST/STM32CubeIDE_1.14.1/STM32CubeIDE/plugins/com.st.stm32cube.ide.mcu.externaltools.gnu-tools-for-stm32.11.3.rel1.win32_1.1.100.202309141235/tools/bin/../lib/gcc/arm-none-eabi/11.3.1/thumb/v7e-m+fp/hard\libgcc.a(_arm_unorddf2.o)
                0x0000000008000b2c                __unorddf2
                0x0000000008000b2c                __aeabi_dcmpun
 .text          0x0000000008000b58       0x50 C:/ST/STM32CubeIDE_1.14.1/STM32CubeIDE/plugins/com.st.stm32cube.ide.mcu.externaltools.gnu-tools-for-stm32.11.3.rel1.win32_1.1.100.202309141235/tools/bin/../lib/gcc/arm-none-eabi/11.3.1/thumb/v7e-m+fp/hard\libgcc.a(_arm_fixdfsi.o)
                0x0000000008000b58                __aeabi_d2iz
                0x0000000008000b58                __fixdfsi
 .text          0x0000000008000ba8       0x40 C:/ST/STM32CubeIDE_1.14.1/STM32CubeIDE/plugins/com.st.stm32cube.ide.mcu.externaltools.gnu-tools-for-stm32.11.3.rel1.win32_1.1.100.202309141235/tools/bin/../lib/gcc/arm-none-eabi/11.3.1/thumb/v7e-m+fp/hard\libgcc.a(_arm_fixunsdfsi.o)
                0x0000000008000ba8                __aeabi_d2uiz
                0x0000000008000ba8                __fixunsdfsi
 .text          0x0000000008000be8       0xa0 C:/ST/STM32CubeIDE_1.14.1/STM32CubeIDE/plugins/com.st.stm32cube.ide.mcu.externaltools.gnu-tools-for-stm32.11.3.rel1.win32_1.1.100.202309141235/tools/bin/../lib/gcc/arm-none-eabi/11.3.1/thumb/v7e-m+fp/hard\libgcc.a(_arm_truncdfsf2.o)
                0x0000000008000be8                __truncdfsf2
                0x0000000008000be8                __aeabi_d2f
 .text          0x0000000008000c88       0x30 C:/ST/STM32CubeIDE_1.14.1/STM32CubeIDE/plugins/com.st.stm32cube.ide.mcu.externaltools.gnu-tools-for-stm32.11.3.rel1.win32_1.1.100.202309141235/tools/bin/../lib/gcc/arm-none-eabi/11.3.1/thumb/v7e-m+fp/hard\libgcc.a(_aeabi_uldivmod.o)
                0x0000000008000c88                __aeabi_uldivmod
 .text          0x0000000008000cb8       0x30 C:/ST/STM32CubeIDE_1.14.1/STM32CubeIDE/plugins/com.st.stm32cube.ide.mcu.externaltools.gnu-tools-for-stm32.11.3.rel1.win32_1.1.100.202309141235/tools/bin/../lib/gcc/arm-none-eabi/11.3.1/thumb/v7e-m+fp/hard\libgcc.a(_fixdfdi.o)
                0x0000000008000cb8                __fixdfdi
                0x0000000008000cb8                __aeabi_d2lz
 .text          0x0000000008000ce8       0x3c C:/ST/STM32CubeIDE_1.14.1/STM32CubeIDE/plugins/com.st.stm32cube.ide.mcu.externaltools.gnu-tools-for-stm32.11.3.rel1.win32_1.1.100.202309141235/tools/bin/../lib/gcc/arm-none-eabi/11.3.1/thumb/v7e-m+fp/hard\libgcc.a(_fixunsdfdi.o)
                0x0000000008000ce8                __fixunsdfdi
                0x0000000008000ce8                __aeabi_d2ulz
 .text          0x0000000008000d24      0x2c8 C:/ST/STM32CubeIDE_1.14.1/STM32CubeIDE/plugins/com.st.stm32cube.ide.mcu.externaltools.gnu-tools-for-stm32.11.3.rel1.win32_1.1.100.202309141235/tools/bin/../lib/gcc/arm-none-eabi/11.3.1/thumb/v7e-m+fp/hard\libgcc.a(_udivmoddi4.o)
                0x0000000008000d24                __udivmoddi4
 .text          0x0000000008000fec        0x4 C:/ST/STM32CubeIDE_1.14.1/STM32CubeIDE/plugins/com.st.stm32cube.ide.mcu.externaltools.gnu-tools-for-stm32.11.3.rel1.win32_1.1.100.202309141235/tools/bin/../lib/gcc/arm-none-eabi/11.3.1/thumb/v7e-m+fp/hard\libgcc.a(_dvmd_tls.o)
                0x0000000008000fec                __aeabi_idiv0
                0x0000000008000fec                __aeabi_ldiv0
 *(.text*)
 .text.DISPLAY_SendCMD
                0x0000000008000ff0       0x34 ./Core/Src/display.o
                0x0000000008000ff0                DISPLAY_SendCMD
 .text.DISPLAY_WriteData
                0x0000000008001024       0x40 ./Core/Src/display.o
                0x0000000008001024                DISPLAY_WriteData
 .text.DISPLAY_Clear
                0x0000000008001064       0x2e ./Core/Src/display.o
                0x0000000008001064                DISPLAY_Clear
 .text.DISPLAY_Init
                0x0000000008001092       0x24 ./Core/Src/display.o
                0x0000000008001092                DISPLAY_Init
 *fill*         0x00000000080010b6        0x2 
 .text.DISPLAY_Hour
                0x00000000080010b8       0x7c ./Core/Src/display.o
                0x00000000080010b8                DISPLAY_Hour
 .text.DISPLAY_Minutes
                0x0000000008001134       0x7c ./Core/Src/display.o
                0x0000000008001134                DISPLAY_Minutes
 .text.DISPLAY_Seconds
                0x00000000080011b0       0x7c ./Core/Src/display.o
                0x00000000080011b0                DISPLAY_Seconds
 .text.DISPLAY_Milli
                0x000000000800122c       0xac ./Core/Src/display.o
                0x000000000800122c                DISPLAY_Milli
 .text.MX_GPIO_Init
                0x00000000080012d8       0xc4 ./Core/Src/gpio.o
                0x00000000080012d8                MX_GPIO_Init
 .text.GPS_Init
                0x000000000800139c       0x24 ./Core/Src/gps.o
                0x000000000800139c                GPS_Init
 .text.GPS_UART_CallBack
                0x00000000080013c0       0x70 ./Core/Src/gps.o
                0x00000000080013c0                GPS_UART_CallBack
 .text.GPS_validate
                0x0000000008001430       0xc4 ./Core/Src/gps.o
                0x0000000008001430                GPS_validate
 .text.GPS_parse
                0x00000000080014f4      0x148 ./Core/Src/gps.o
                0x00000000080014f4                GPS_parse
 .text.GPS_parse_time
                0x000000000800163c       0x88 ./Core/Src/gps.o
                0x000000000800163c                GPS_parse_time
 .text.MX_I2C3_Init
                0x00000000080016c4       0x80 ./Core/Src/i2c.o
                0x00000000080016c4                MX_I2C3_Init
 .text.HAL_I2C_MspInit
                0x0000000008001744       0xbc ./Core/Src/i2c.o
                0x0000000008001744                HAL_I2C_MspInit
 .text.main     0x0000000008001800       0x40 ./Core/Src/main.o
                0x0000000008001800                main
 .text.SystemClock_Config
                0x0000000008001840       0xa4 ./Core/Src/main.o
                0x0000000008001840                SystemClock_Config
 .text.HAL_GPIO_EXTI_Callback
                0x00000000080018e4       0x50 ./Core/Src/main.o
                0x00000000080018e4                HAL_GPIO_EXTI_Callback
 .text.HAL_TIM_PeriodElapsedCallback
                0x0000000008001934       0x28 ./Core/Src/main.o
                0x0000000008001934                HAL_TIM_PeriodElapsedCallback
 .text.HAL_UART_RxCpltCallback
                0x000000000800195c       0x20 ./Core/Src/main.o
                0x000000000800195c                HAL_UART_RxCpltCallback
 .text.__io_putchar
                0x000000000800197c       0x24 ./Core/Src/main.o
                0x000000000800197c                __io_putchar
 .text.Error_Handler
                0x00000000080019a0        0xa ./Core/Src/main.o
                0x00000000080019a0                Error_Handler
 *fill*         0x00000000080019aa        0x2 
 .text.HAL_MspInit
                0x00000000080019ac       0x48 ./Core/Src/stm32l4xx_hal_msp.o
                0x00000000080019ac                HAL_MspInit
 .text.NMI_Handler
                0x00000000080019f4        0x6 ./Core/Src/stm32l4xx_it.o
                0x00000000080019f4                NMI_Handler
 .text.HardFault_Handler
                0x00000000080019fa        0x6 ./Core/Src/stm32l4xx_it.o
                0x00000000080019fa                HardFault_Handler
 .text.MemManage_Handler
                0x0000000008001a00        0x6 ./Core/Src/stm32l4xx_it.o
                0x0000000008001a00                MemManage_Handler
 .text.BusFault_Handler
                0x0000000008001a06        0x6 ./Core/Src/stm32l4xx_it.o
                0x0000000008001a06                BusFault_Handler
 .text.UsageFault_Handler
                0x0000000008001a0c        0x6 ./Core/Src/stm32l4xx_it.o
                0x0000000008001a0c                UsageFault_Handler
 .text.SVC_Handler
                0x0000000008001a12        0xe ./Core/Src/stm32l4xx_it.o
                0x0000000008001a12                SVC_Handler
 .text.DebugMon_Handler
                0x0000000008001a20        0xe ./Core/Src/stm32l4xx_it.o
                0x0000000008001a20                DebugMon_Handler
 .text.PendSV_Handler
                0x0000000008001a2e        0xe ./Core/Src/stm32l4xx_it.o
                0x0000000008001a2e                PendSV_Handler
 .text.SysTick_Handler
                0x0000000008001a3c        0xc ./Core/Src/stm32l4xx_it.o
                0x0000000008001a3c                SysTick_Handler
 .text.EXTI9_5_IRQHandler
                0x0000000008001a48       0x10 ./Core/Src/stm32l4xx_it.o
                0x0000000008001a48                EXTI9_5_IRQHandler
 .text.TIM3_IRQHandler
                0x0000000008001a58       0x14 ./Core/Src/stm32l4xx_it.o
                0x0000000008001a58                TIM3_IRQHandler
 .text.USART1_IRQHandler
                0x0000000008001a6c       0x14 ./Core/Src/stm32l4xx_it.o
                0x0000000008001a6c                USART1_IRQHandler
 .text._getpid  0x0000000008001a80       0x10 ./Core/Src/syscalls.o
                0x0000000008001a80                _getpid
 .text._kill    0x0000000008001a90       0x20 ./Core/Src/syscalls.o
                0x0000000008001a90                _kill
 .text._exit    0x0000000008001ab0       0x14 ./Core/Src/syscalls.o
                0x0000000008001ab0                _exit
 .text._read    0x0000000008001ac4       0x3a ./Core/Src/syscalls.o
                0x0000000008001ac4                _read
 .text._write   0x0000000008001afe       0x38 ./Core/Src/syscalls.o
                0x0000000008001afe                _write
 .text._close   0x0000000008001b36       0x18 ./Core/Src/syscalls.o
                0x0000000008001b36                _close
 .text._fstat   0x0000000008001b4e       0x20 ./Core/Src/syscalls.o
                0x0000000008001b4e                _fstat
 .text._isatty  0x0000000008001b6e       0x16 ./Core/Src/syscalls.o
                0x0000000008001b6e                _isatty
 .text._lseek   0x0000000008001b84       0x1a ./Core/Src/syscalls.o
                0x0000000008001b84                _lseek
 *fill*         0x0000000008001b9e        0x2 
 .text._sbrk    0x0000000008001ba0       0x6c ./Core/Src/sysmem.o
                0x0000000008001ba0                _sbrk
 .text.SystemInit
                0x0000000008001c0c       0x24 ./Core/Src/system_stm32l4xx.o
                0x0000000008001c0c                SystemInit
 .text.MX_TIM3_Init
                0x0000000008001c30       0xa0 ./Core/Src/tim.o
                0x0000000008001c30                MX_TIM3_Init
 .text.HAL_TIM_Base_MspInit
                0x0000000008001cd0       0x4c ./Core/Src/tim.o
                0x0000000008001cd0                HAL_TIM_Base_MspInit
 .text.MX_USART1_UART_Init
                0x0000000008001d1c       0x60 ./Core/Src/usart.o
                0x0000000008001d1c                MX_USART1_UART_Init
 .text.MX_USART2_UART_Init
                0x0000000008001d7c       0x60 ./Core/Src/usart.o
                0x0000000008001d7c                MX_USART2_UART_Init
 .text.HAL_UART_MspInit
                0x0000000008001ddc      0x154 ./Core/Src/usart.o
                0x0000000008001ddc                HAL_UART_MspInit
 .text.Reset_Handler
                0x0000000008001f30       0x50 ./Core/Startup/startup_stm32l476rgtx.o
                0x0000000008001f30                Reset_Handler
 .text.Default_Handler
                0x0000000008001f80        0x2 ./Core/Startup/startup_stm32l476rgtx.o
                0x0000000008001f80                RTC_Alarm_IRQHandler
                0x0000000008001f80                EXTI2_IRQHandler
                0x0000000008001f80                TIM8_TRG_COM_IRQHandler
                0x0000000008001f80                TIM8_CC_IRQHandler
                0x0000000008001f80                TIM1_CC_IRQHandler
                0x0000000008001f80                TSC_IRQHandler
                0x0000000008001f80                TAMP_STAMP_IRQHandler
                0x0000000008001f80                EXTI3_IRQHandler
                0x0000000008001f80                LPTIM2_IRQHandler
                0x0000000008001f80                DFSDM1_FLT1_IRQHandler
                0x0000000008001f80                I2C3_ER_IRQHandler
                0x0000000008001f80                DFSDM1_FLT2_IRQHandler
                0x0000000008001f80                EXTI0_IRQHandler
                0x0000000008001f80                I2C2_EV_IRQHandler
                0x0000000008001f80                CAN1_RX0_IRQHandler
                0x0000000008001f80                FPU_IRQHandler
                0x0000000008001f80                TIM1_UP_TIM16_IRQHandler
                0x0000000008001f80                ADC1_2_IRQHandler
                0x0000000008001f80                SPI1_IRQHandler
                0x0000000008001f80                TIM6_DAC_IRQHandler
                0x0000000008001f80                TIM8_UP_IRQHandler
                0x0000000008001f80                DMA2_Channel2_IRQHandler
                0x0000000008001f80                DMA1_Channel4_IRQHandler
                0x0000000008001f80                SAI2_IRQHandler
                0x0000000008001f80                DFSDM1_FLT3_IRQHandler
                0x0000000008001f80                USART3_IRQHandler
                0x0000000008001f80                DMA1_Channel7_IRQHandler
                0x0000000008001f80                CAN1_RX1_IRQHandler
                0x0000000008001f80                LCD_IRQHandler
                0x0000000008001f80                UART5_IRQHandler
                0x0000000008001f80                ADC3_IRQHandler
                0x0000000008001f80                TIM4_IRQHandler
                0x0000000008001f80                DMA2_Channel1_IRQHandler
                0x0000000008001f80                QUADSPI_IRQHandler
                0x0000000008001f80                I2C1_EV_IRQHandler
                0x0000000008001f80                DMA1_Channel6_IRQHandler
                0x0000000008001f80                UART4_IRQHandler
                0x0000000008001f80                DMA2_Channel4_IRQHandler
                0x0000000008001f80                RCC_IRQHandler
                0x0000000008001f80                DMA1_Channel1_IRQHandler
                0x0000000008001f80                Default_Handler
                0x0000000008001f80                DMA2_Channel7_IRQHandler
                0x0000000008001f80                EXTI15_10_IRQHandler
                0x0000000008001f80                TIM7_IRQHandler
                0x0000000008001f80                SDMMC1_IRQHandler
                0x0000000008001f80                TIM5_IRQHandler
                0x0000000008001f80                I2C3_EV_IRQHandler
                0x0000000008001f80                RTC_WKUP_IRQHandler
                0x0000000008001f80                PVD_PVM_IRQHandler
                0x0000000008001f80                SPI2_IRQHandler
                0x0000000008001f80                CAN1_TX_IRQHandler
                0x0000000008001f80                DMA2_Channel5_IRQHandler
                0x0000000008001f80                DMA1_Channel5_IRQHandler
                0x0000000008001f80                EXTI4_IRQHandler
                0x0000000008001f80                RNG_IRQHandler
                0x0000000008001f80                TIM1_TRG_COM_TIM17_IRQHandler
                0x0000000008001f80                DMA1_Channel3_IRQHandler
                0x0000000008001f80                COMP_IRQHandler
                0x0000000008001f80                WWDG_IRQHandler
                0x0000000008001f80                LPUART1_IRQHandler
                0x0000000008001f80                DMA2_Channel6_IRQHandler
                0x0000000008001f80                TIM2_IRQHandler
                0x0000000008001f80                EXTI1_IRQHandler
                0x0000000008001f80                USART2_IRQHandler
                0x0000000008001f80                DFSDM1_FLT0_IRQHandler
                0x0000000008001f80                I2C2_ER_IRQHandler
                0x0000000008001f80                DMA1_Channel2_IRQHandler
                0x0000000008001f80                TIM8_BRK_IRQHandler
                0x0000000008001f80                CAN1_SCE_IRQHandler
                0x0000000008001f80                FLASH_IRQHandler
                0x0000000008001f80                OTG_FS_IRQHandler
                0x0000000008001f80                SPI3_IRQHandler
                0x0000000008001f80                I2C1_ER_IRQHandler
                0x0000000008001f80                FMC_IRQHandler
                0x0000000008001f80                SWPMI1_IRQHandler
                0x0000000008001f80                LPTIM1_IRQHandler
                0x0000000008001f80                SAI1_IRQHandler
                0x0000000008001f80                DMA2_Channel3_IRQHandler
                0x0000000008001f80                TIM1_BRK_TIM15_IRQHandler
 .text.HAL_Init
                0x0000000008001f82       0x30 ./Drivers/STM32L4xx_HAL_Driver/Src/stm32l4xx_hal.o
                0x0000000008001f82                HAL_Init
 *fill*         0x0000000008001fb2        0x2 
 .text.HAL_InitTick
                0x0000000008001fb4       0x78 ./Drivers/STM32L4xx_HAL_Driver/Src/stm32l4xx_hal.o
                0x0000000008001fb4                HAL_InitTick
 .text.HAL_IncTick
                0x000000000800202c       0x28 ./Drivers/STM32L4xx_HAL_Driver/Src/stm32l4xx_hal.o
                0x000000000800202c                HAL_IncTick
 .text.HAL_GetTick
                0x0000000008002054       0x18 ./Drivers/STM32L4xx_HAL_Driver/Src/stm32l4xx_hal.o
                0x0000000008002054                HAL_GetTick
 .text.HAL_Delay
                0x000000000800206c       0x48 ./Drivers/STM32L4xx_HAL_Driver/Src/stm32l4xx_hal.o
                0x000000000800206c                HAL_Delay
 .text.__NVIC_SetPriorityGrouping
                0x00000000080020b4       0x48 ./Drivers/STM32L4xx_HAL_Driver/Src/stm32l4xx_hal_cortex.o
 .text.__NVIC_GetPriorityGrouping
                0x00000000080020fc       0x1c ./Drivers/STM32L4xx_HAL_Driver/Src/stm32l4xx_hal_cortex.o
 .text.__NVIC_EnableIRQ
                0x0000000008002118       0x3c ./Drivers/STM32L4xx_HAL_Driver/Src/stm32l4xx_hal_cortex.o
 .text.__NVIC_SetPriority
                0x0000000008002154       0x54 ./Drivers/STM32L4xx_HAL_Driver/Src/stm32l4xx_hal_cortex.o
 .text.NVIC_EncodePriority
                0x00000000080021a8       0x66 ./Drivers/STM32L4xx_HAL_Driver/Src/stm32l4xx_hal_cortex.o
 *fill*         0x000000000800220e        0x2 
 .text.SysTick_Config
                0x0000000008002210       0x44 ./Drivers/STM32L4xx_HAL_Driver/Src/stm32l4xx_hal_cortex.o
 .text.HAL_NVIC_SetPriorityGrouping
                0x0000000008002254       0x16 ./Drivers/STM32L4xx_HAL_Driver/Src/stm32l4xx_hal_cortex.o
                0x0000000008002254                HAL_NVIC_SetPriorityGrouping
 .text.HAL_NVIC_SetPriority
                0x000000000800226a       0x38 ./Drivers/STM32L4xx_HAL_Driver/Src/stm32l4xx_hal_cortex.o
                0x000000000800226a                HAL_NVIC_SetPriority
 .text.HAL_NVIC_EnableIRQ
                0x00000000080022a2       0x1c ./Drivers/STM32L4xx_HAL_Driver/Src/stm32l4xx_hal_cortex.o
                0x00000000080022a2                HAL_NVIC_EnableIRQ
 .text.HAL_SYSTICK_Config
                0x00000000080022be       0x18 ./Drivers/STM32L4xx_HAL_Driver/Src/stm32l4xx_hal_cortex.o
                0x00000000080022be                HAL_SYSTICK_Config
 .text.HAL_DMA_Abort
                0x00000000080022d6       0x7c ./Drivers/STM32L4xx_HAL_Driver/Src/stm32l4xx_hal_dma.o
                0x00000000080022d6                HAL_DMA_Abort
 .text.HAL_DMA_Abort_IT
                0x0000000008002352       0x82 ./Drivers/STM32L4xx_HAL_Driver/Src/stm32l4xx_hal_dma.o
                0x0000000008002352                HAL_DMA_Abort_IT
 .text.HAL_GPIO_Init
                0x00000000080023d4      0x354 ./Drivers/STM32L4xx_HAL_Driver/Src/stm32l4xx_hal_gpio.o
                0x00000000080023d4                HAL_GPIO_Init
 .text.HAL_GPIO_WritePin
                0x0000000008002728       0x30 ./Drivers/STM32L4xx_HAL_Driver/Src/stm32l4xx_hal_gpio.o
                0x0000000008002728                HAL_GPIO_WritePin
 .text.HAL_GPIO_EXTI_IRQHandler
                0x0000000008002758       0x30 ./Drivers/STM32L4xx_HAL_Driver/Src/stm32l4xx_hal_gpio.o
                0x0000000008002758                HAL_GPIO_EXTI_IRQHandler
 .text.HAL_I2C_Init
                0x0000000008002788      0x136 ./Drivers/STM32L4xx_HAL_Driver/Src/stm32l4xx_hal_i2c.o
                0x0000000008002788                HAL_I2C_Init
 *fill*         0x00000000080028be        0x2 
 .text.HAL_I2C_Master_Transmit
                0x00000000080028c0      0x230 ./Drivers/STM32L4xx_HAL_Driver/Src/stm32l4xx_hal_i2c.o
                0x00000000080028c0                HAL_I2C_Master_Transmit
 .text.I2C_Flush_TXDR
                0x0000000008002af0       0x48 ./Drivers/STM32L4xx_HAL_Driver/Src/stm32l4xx_hal_i2c.o
 .text.I2C_WaitOnFlagUntilTimeout
                0x0000000008002b38       0x9e ./Drivers/STM32L4xx_HAL_Driver/Src/stm32l4xx_hal_i2c.o
 .text.I2C_WaitOnTXISFlagUntilTimeout
                0x0000000008002bd6       0x8e ./Drivers/STM32L4xx_HAL_Driver/Src/stm32l4xx_hal_i2c.o
 .text.I2C_WaitOnSTOPFlagUntilTimeout
                0x0000000008002c64       0x86 ./Drivers/STM32L4xx_HAL_Driver/Src/stm32l4xx_hal_i2c.o
 *fill*         0x0000000008002cea        0x2 
 .text.I2C_IsErrorOccurred
                0x0000000008002cec      0x1c0 ./Drivers/STM32L4xx_HAL_Driver/Src/stm32l4xx_hal_i2c.o
 .text.I2C_TransferConfig
                0x0000000008002eac       0x64 ./Drivers/STM32L4xx_HAL_Driver/Src/stm32l4xx_hal_i2c.o
 .text.HAL_I2CEx_ConfigAnalogFilter
                0x0000000008002f10       0x96 ./Drivers/STM32L4xx_HAL_Driver/Src/stm32l4xx_hal_i2c_ex.o
                0x0000000008002f10                HAL_I2CEx_ConfigAnalogFilter
 .text.HAL_I2CEx_ConfigDigitalFilter
                0x0000000008002fa6       0x98 ./Drivers/STM32L4xx_HAL_Driver/Src/stm32l4xx_hal_i2c_ex.o
                0x0000000008002fa6                HAL_I2CEx_ConfigDigitalFilter
 *fill*         0x000000000800303e        0x2 
 .text.HAL_PWREx_GetVoltageRange
                0x0000000008003040       0x1c ./Drivers/STM32L4xx_HAL_Driver/Src/stm32l4xx_hal_pwr_ex.o
                0x0000000008003040                HAL_PWREx_GetVoltageRange
 .text.HAL_PWREx_ControlVoltageScaling
                0x000000000800305c       0xac ./Drivers/STM32L4xx_HAL_Driver/Src/stm32l4xx_hal_pwr_ex.o
                0x000000000800305c                HAL_PWREx_ControlVoltageScaling
 .text.HAL_RCC_OscConfig
                0x0000000008003108      0x7b8 ./Drivers/STM32L4xx_HAL_Driver/Src/stm32l4xx_hal_rcc.o
                0x0000000008003108                HAL_RCC_OscConfig
 .text.HAL_RCC_ClockConfig
                0x00000000080038c0      0x200 ./Drivers/STM32L4xx_HAL_Driver/Src/stm32l4xx_hal_rcc.o
                0x00000000080038c0                HAL_RCC_ClockConfig
 .text.HAL_RCC_GetSysClockFreq
                0x0000000008003ac0      0x118 ./Drivers/STM32L4xx_HAL_Driver/Src/stm32l4xx_hal_rcc.o
                0x0000000008003ac0                HAL_RCC_GetSysClockFreq
 .text.HAL_RCC_GetHCLKFreq
                0x0000000008003bd8       0x18 ./Drivers/STM32L4xx_HAL_Driver/Src/stm32l4xx_hal_rcc.o
                0x0000000008003bd8                HAL_RCC_GetHCLKFreq
 .text.HAL_RCC_GetPCLK1Freq
                0x0000000008003bf0       0x2c ./Drivers/STM32L4xx_HAL_Driver/Src/stm32l4xx_hal_rcc.o
                0x0000000008003bf0                HAL_RCC_GetPCLK1Freq
 .text.HAL_RCC_GetPCLK2Freq
                0x0000000008003c1c       0x2c ./Drivers/STM32L4xx_HAL_Driver/Src/stm32l4xx_hal_rcc.o
                0x0000000008003c1c                HAL_RCC_GetPCLK2Freq
 .text.RCC_SetFlashLatencyFromMSIRange
                0x0000000008003c48       0xc0 ./Drivers/STM32L4xx_HAL_Driver/Src/stm32l4xx_hal_rcc.o
 .text.HAL_RCCEx_PeriphCLKConfig
                0x0000000008003d08      0x5d4 ./Drivers/STM32L4xx_HAL_Driver/Src/stm32l4xx_hal_rcc_ex.o
                0x0000000008003d08                HAL_RCCEx_PeriphCLKConfig
 .text.RCCEx_PLLSAI1_Config
                0x00000000080042dc      0x1e8 ./Drivers/STM32L4xx_HAL_Driver/Src/stm32l4xx_hal_rcc_ex.o
 .text.RCCEx_PLLSAI2_Config
                0x00000000080044c4      0x1bc ./Drivers/STM32L4xx_HAL_Driver/Src/stm32l4xx_hal_rcc_ex.o
 .text.HAL_TIM_Base_Init
                0x0000000008004680       0xae ./Drivers/STM32L4xx_HAL_Driver/Src/stm32l4xx_hal_tim.o
                0x0000000008004680                HAL_TIM_Base_Init
 *fill*         0x000000000800472e        0x2 
 .text.HAL_TIM_Base_Start_IT
                0x0000000008004730       0xe0 ./Drivers/STM32L4xx_HAL_Driver/Src/stm32l4xx_hal_tim.o
                0x0000000008004730                HAL_TIM_Base_Start_IT
 .text.HAL_TIM_IRQHandler
                0x0000000008004810      0x204 ./Drivers/STM32L4xx_HAL_Driver/Src/stm32l4xx_hal_tim.o
                0x0000000008004810                HAL_TIM_IRQHandler
 .text.HAL_TIM_ConfigClockSource
                0x0000000008004a14      0x192 ./Drivers/STM32L4xx_HAL_Driver/Src/stm32l4xx_hal_tim.o
                0x0000000008004a14                HAL_TIM_ConfigClockSource
 .text.HAL_TIM_OC_DelayElapsedCallback
                0x0000000008004ba6       0x14 ./Drivers/STM32L4xx_HAL_Driver/Src/stm32l4xx_hal_tim.o
                0x0000000008004ba6                HAL_TIM_OC_DelayElapsedCallback
 .text.HAL_TIM_IC_CaptureCallback
                0x0000000008004bba       0x14 ./Drivers/STM32L4xx_HAL_Driver/Src/stm32l4xx_hal_tim.o
                0x0000000008004bba                HAL_TIM_IC_CaptureCallback
 .text.HAL_TIM_PWM_PulseFinishedCallback
                0x0000000008004bce       0x14 ./Drivers/STM32L4xx_HAL_Driver/Src/stm32l4xx_hal_tim.o
                0x0000000008004bce                HAL_TIM_PWM_PulseFinishedCallback
 .text.HAL_TIM_TriggerCallback
                0x0000000008004be2       0x14 ./Drivers/STM32L4xx_HAL_Driver/Src/stm32l4xx_hal_tim.o
                0x0000000008004be2                HAL_TIM_TriggerCallback
 *fill*         0x0000000008004bf6        0x2 
 .text.TIM_Base_SetConfig
                0x0000000008004bf8      0x134 ./Drivers/STM32L4xx_HAL_Driver/Src/stm32l4xx_hal_tim.o
                0x0000000008004bf8                TIM_Base_SetConfig
 .text.TIM_TI1_ConfigInputStage
                0x0000000008004d2c       0x5e ./Drivers/STM32L4xx_HAL_Driver/Src/stm32l4xx_hal_tim.o
 .text.TIM_TI2_ConfigInputStage
                0x0000000008004d8a       0x60 ./Drivers/STM32L4xx_HAL_Driver/Src/stm32l4xx_hal_tim.o
 .text.TIM_ITRx_SetConfig
                0x0000000008004dea       0x36 ./Drivers/STM32L4xx_HAL_Driver/Src/stm32l4xx_hal_tim.o
 .text.TIM_ETR_SetConfig
                0x0000000008004e20       0x40 ./Drivers/STM32L4xx_HAL_Driver/Src/stm32l4xx_hal_tim.o
                0x0000000008004e20                TIM_ETR_SetConfig
 .text.HAL_TIMEx_MasterConfigSynchronization
                0x0000000008004e60      0x110 ./Drivers/STM32L4xx_HAL_Driver/Src/stm32l4xx_hal_tim_ex.o
                0x0000000008004e60                HAL_TIMEx_MasterConfigSynchronization
 .text.HAL_TIMEx_CommutCallback
                0x0000000008004f70       0x14 ./Drivers/STM32L4xx_HAL_Driver/Src/stm32l4xx_hal_tim_ex.o
                0x0000000008004f70                HAL_TIMEx_CommutCallback
 .text.HAL_TIMEx_BreakCallback
                0x0000000008004f84       0x14 ./Drivers/STM32L4xx_HAL_Driver/Src/stm32l4xx_hal_tim_ex.o
                0x0000000008004f84                HAL_TIMEx_BreakCallback
 .text.HAL_TIMEx_Break2Callback
                0x0000000008004f98       0x14 ./Drivers/STM32L4xx_HAL_Driver/Src/stm32l4xx_hal_tim_ex.o
                0x0000000008004f98                HAL_TIMEx_Break2Callback
 .text.HAL_UART_Init
                0x0000000008004fac       0x9c ./Drivers/STM32L4xx_HAL_Driver/Src/stm32l4xx_hal_uart.o
                0x0000000008004fac                HAL_UART_Init
 .text.HAL_UART_Transmit
                0x0000000008005048      0x114 ./Drivers/STM32L4xx_HAL_Driver/Src/stm32l4xx_hal_uart.o
                0x0000000008005048                HAL_UART_Transmit
 .text.HAL_UART_Receive_IT
                0x000000000800515c       0x98 ./Drivers/STM32L4xx_HAL_Driver/Src/stm32l4xx_hal_uart.o
                0x000000000800515c                HAL_UART_Receive_IT
 .text.HAL_UART_IRQHandler
                0x00000000080051f4      0x5d4 ./Drivers/STM32L4xx_HAL_Driver/Src/stm32l4xx_hal_uart.o
                0x00000000080051f4                HAL_UART_IRQHandler
 .text.HAL_UART_TxCpltCallback
                0x00000000080057c8       0x14 ./Drivers/STM32L4xx_HAL_Driver/Src/stm32l4xx_hal_uart.o
                0x00000000080057c8                HAL_UART_TxCpltCallback
 .text.HAL_UART_ErrorCallback
                0x00000000080057dc       0x14 ./Drivers/STM32L4xx_HAL_Driver/Src/stm32l4xx_hal_uart.o
                0x00000000080057dc                HAL_UART_ErrorCallback
 .text.HAL_UARTEx_RxEventCallback
                0x00000000080057f0       0x18 ./Drivers/STM32L4xx_HAL_Driver/Src/stm32l4xx_hal_uart.o
                0x00000000080057f0                HAL_UARTEx_RxEventCallback
 .text.UART_SetConfig
                0x0000000008005808      0x570 ./Drivers/STM32L4xx_HAL_Driver/Src/stm32l4xx_hal_uart.o
                0x0000000008005808                UART_SetConfig
 .text.UART_AdvFeatureConfig
                0x0000000008005d78      0x144 ./Drivers/STM32L4xx_HAL_Driver/Src/stm32l4xx_hal_uart.o
                0x0000000008005d78                UART_AdvFeatureConfig
 .text.UART_CheckIdleState
                0x0000000008005ebc      0x150 ./Drivers/STM32L4xx_HAL_Driver/Src/stm32l4xx_hal_uart.o
                0x0000000008005ebc                UART_CheckIdleState
 .text.UART_WaitOnFlagUntilTimeout
                0x000000000800600c       0xce ./Drivers/STM32L4xx_HAL_Driver/Src/stm32l4xx_hal_uart.o
                0x000000000800600c                UART_WaitOnFlagUntilTimeout
 *fill*         0x00000000080060da        0x2 
 .text.UART_Start_Receive_IT
                0x00000000080060dc      0x18c ./Drivers/STM32L4xx_HAL_Driver/Src/stm32l4xx_hal_uart.o
                0x00000000080060dc                UART_Start_Receive_IT
 .text.UART_EndRxTransfer
                0x0000000008006268       0xc8 ./Drivers/STM32L4xx_HAL_Driver/Src/stm32l4xx_hal_uart.o
 .text.UART_DMAAbortOnError
                0x0000000008006330       0x2c ./Drivers/STM32L4xx_HAL_Driver/Src/stm32l4xx_hal_uart.o
 .text.UART_EndTransmit_IT
                0x000000000800635c       0x54 ./Drivers/STM32L4xx_HAL_Driver/Src/stm32l4xx_hal_uart.o
 .text.UART_RxISR_8BIT
                0x00000000080063b0      0x1bc ./Drivers/STM32L4xx_HAL_Driver/Src/stm32l4xx_hal_uart.o
 .text.UART_RxISR_16BIT
                0x000000000800656c      0x1bc ./Drivers/STM32L4xx_HAL_Driver/Src/stm32l4xx_hal_uart.o
 .text.HAL_UARTEx_WakeupCallback
                0x0000000008006728       0x14 ./Drivers/STM32L4xx_HAL_Driver/Src/stm32l4xx_hal_uart_ex.o
                0x0000000008006728                HAL_UARTEx_WakeupCallback
 .text.__cvt    0x000000000800673c       0xc4 C:/ST/STM32CubeIDE_1.14.1/STM32CubeIDE/plugins/com.st.stm32cube.ide.mcu.externaltools.gnu-tools-for-stm32.11.3.rel1.win32_1.1.100.202309141235/tools/bin/../lib/gcc/arm-none-eabi/11.3.1/../../../../arm-none-eabi/lib/thumb/v7e-m+fp/hard\libc_nano.a(libc_a-nano-vfprintf_float.o)
                0x000000000800673c                __cvt
 .text.__exponent
                0x0000000008006800       0x7c C:/ST/STM32CubeIDE_1.14.1/STM32CubeIDE/plugins/com.st.stm32cube.ide.mcu.externaltools.gnu-tools-for-stm32.11.3.rel1.win32_1.1.100.202309141235/tools/bin/../lib/gcc/arm-none-eabi/11.3.1/../../../../arm-none-eabi/lib/thumb/v7e-m+fp/hard\libc_nano.a(libc_a-nano-vfprintf_float.o)
                0x0000000008006800                __exponent
 .text._printf_float
                0x000000000800687c      0x46c C:/ST/STM32CubeIDE_1.14.1/STM32CubeIDE/plugins/com.st.stm32cube.ide.mcu.externaltools.gnu-tools-for-stm32.11.3.rel1.win32_1.1.100.202309141235/tools/bin/../lib/gcc/arm-none-eabi/11.3.1/../../../../arm-none-eabi/lib/thumb/v7e-m+fp/hard\libc_nano.a(libc_a-nano-vfprintf_float.o)
                0x000000000800687c                _printf_float
 .text._printf_common
                0x0000000008006ce8       0xda C:/ST/STM32CubeIDE_1.14.1/STM32CubeIDE/plugins/com.st.stm32cube.ide.mcu.externaltools.gnu-tools-for-stm32.11.3.rel1.win32_1.1.100.202309141235/tools/bin/../lib/gcc/arm-none-eabi/11.3.1/../../../../arm-none-eabi/lib/thumb/v7e-m+fp/hard\libc_nano.a(libc_a-nano-vfprintf_i.o)
                0x0000000008006ce8                _printf_common
 *fill*         0x0000000008006dc2        0x2 
 .text._printf_i
                0x0000000008006dc4      0x244 C:/ST/STM32CubeIDE_1.14.1/STM32CubeIDE/plugins/com.st.stm32cube.ide.mcu.externaltools.gnu-tools-for-stm32.11.3.rel1.win32_1.1.100.202309141235/tools/bin/../lib/gcc/arm-none-eabi/11.3.1/../../../../arm-none-eabi/lib/thumb/v7e-m+fp/hard\libc_nano.a(libc_a-nano-vfprintf_i.o)
                0x0000000008006dc4                _printf_i
 .text._scanf_float
                0x0000000008007008      0x420 C:/ST/STM32CubeIDE_1.14.1/STM32CubeIDE/plugins/com.st.stm32cube.ide.mcu.externaltools.gnu-tools-for-stm32.11.3.rel1.win32_1.1.100.202309141235/tools/bin/../lib/gcc/arm-none-eabi/11.3.1/../../../../arm-none-eabi/lib/thumb/v7e-m+fp/hard\libc_nano.a(libc_a-nano-vfscanf_float.o)
                0x0000000008007008                _scanf_float
 .text.std      0x0000000008007428       0x6c C:/ST/STM32CubeIDE_1.14.1/STM32CubeIDE/plugins/com.st.stm32cube.ide.mcu.externaltools.gnu-tools-for-stm32.11.3.rel1.win32_1.1.100.202309141235/tools/bin/../lib/gcc/arm-none-eabi/11.3.1/../../../../arm-none-eabi/lib/thumb/v7e-m+fp/hard\libc_nano.a(libc_a-findfp.o)
 .text.stdio_exit_handler
                0x0000000008007494       0x18 C:/ST/STM32CubeIDE_1.14.1/STM32CubeIDE/plugins/com.st.stm32cube.ide.mcu.externaltools.gnu-tools-for-stm32.11.3.rel1.win32_1.1.100.202309141235/tools/bin/../lib/gcc/arm-none-eabi/11.3.1/../../../../arm-none-eabi/lib/thumb/v7e-m+fp/hard\libc_nano.a(libc_a-findfp.o)
 .text.cleanup_stdio
                0x00000000080074ac       0x40 C:/ST/STM32CubeIDE_1.14.1/STM32CubeIDE/plugins/com.st.stm32cube.ide.mcu.externaltools.gnu-tools-for-stm32.11.3.rel1.win32_1.1.100.202309141235/tools/bin/../lib/gcc/arm-none-eabi/11.3.1/../../../../arm-none-eabi/lib/thumb/v7e-m+fp/hard\libc_nano.a(libc_a-findfp.o)
 .text.global_stdio_init.part.0
                0x00000000080074ec       0x3c C:/ST/STM32CubeIDE_1.14.1/STM32CubeIDE/plugins/com.st.stm32cube.ide.mcu.externaltools.gnu-tools-for-stm32.11.3.rel1.win32_1.1.100.202309141235/tools/bin/../lib/gcc/arm-none-eabi/11.3.1/../../../../arm-none-eabi/lib/thumb/v7e-m+fp/hard\libc_nano.a(libc_a-findfp.o)
 .text.__sfp_lock_acquire
                0x0000000008007528        0xc C:/ST/STM32CubeIDE_1.14.1/STM32CubeIDE/plugins/com.st.stm32cube.ide.mcu.externaltools.gnu-tools-for-stm32.11.3.rel1.win32_1.1.100.202309141235/tools/bin/../lib/gcc/arm-none-eabi/11.3.1/../../../../arm-none-eabi/lib/thumb/v7e-m+fp/hard\libc_nano.a(libc_a-findfp.o)
                0x0000000008007528                __sfp_lock_acquire
 .text.__sfp_lock_release
                0x0000000008007534        0xc C:/ST/STM32CubeIDE_1.14.1/STM32CubeIDE/plugins/com.st.stm32cube.ide.mcu.externaltools.gnu-tools-for-stm32.11.3.rel1.win32_1.1.100.202309141235/tools/bin/../lib/gcc/arm-none-eabi/11.3.1/../../../../arm-none-eabi/lib/thumb/v7e-m+fp/hard\libc_nano.a(libc_a-findfp.o)
                0x0000000008007534                __sfp_lock_release
 .text.__sinit  0x0000000008007540       0x30 C:/ST/STM32CubeIDE_1.14.1/STM32CubeIDE/plugins/com.st.stm32cube.ide.mcu.externaltools.gnu-tools-for-stm32.11.3.rel1.win32_1.1.100.202309141235/tools/bin/../lib/gcc/arm-none-eabi/11.3.1/../../../../arm-none-eabi/lib/thumb/v7e-m+fp/hard\libc_nano.a(libc_a-findfp.o)
                0x0000000008007540                __sinit
 .text._fwalk_sglue
                0x0000000008007570       0x3c C:/ST/STM32CubeIDE_1.14.1/STM32CubeIDE/plugins/com.st.stm32cube.ide.mcu.externaltools.gnu-tools-for-stm32.11.3.rel1.win32_1.1.100.202309141235/tools/bin/../lib/gcc/arm-none-eabi/11.3.1/../../../../arm-none-eabi/lib/thumb/v7e-m+fp/hard\libc_nano.a(libc_a-fwalk.o)
                0x0000000008007570                _fwalk_sglue
 .text.sprintf  0x00000000080075ac       0x40 C:/ST/STM32CubeIDE_1.14.1/STM32CubeIDE/plugins/com.st.stm32cube.ide.mcu.externaltools.gnu-tools-for-stm32.11.3.rel1.win32_1.1.100.202309141235/tools/bin/../lib/gcc/arm-none-eabi/11.3.1/../../../../arm-none-eabi/lib/thumb/v7e-m+fp/hard\libc_nano.a(libc_a-sprintf.o)
                0x00000000080075ac                siprintf
                0x00000000080075ac                sprintf
 .text.sscanf   0x00000000080075ec       0x58 C:/ST/STM32CubeIDE_1.14.1/STM32CubeIDE/plugins/com.st.stm32cube.ide.mcu.externaltools.gnu-tools-for-stm32.11.3.rel1.win32_1.1.100.202309141235/tools/bin/../lib/gcc/arm-none-eabi/11.3.1/../../../../arm-none-eabi/lib/thumb/v7e-m+fp/hard\libc_nano.a(libc_a-sscanf.o)
                0x00000000080075ec                siscanf
                0x00000000080075ec                sscanf
 .text.__sread  0x0000000008007644       0x22 C:/ST/STM32CubeIDE_1.14.1/STM32CubeIDE/plugins/com.st.stm32cube.ide.mcu.externaltools.gnu-tools-for-stm32.11.3.rel1.win32_1.1.100.202309141235/tools/bin/../lib/gcc/arm-none-eabi/11.3.1/../../../../arm-none-eabi/lib/thumb/v7e-m+fp/hard\libc_nano.a(libc_a-stdio.o)
                0x0000000008007644                __sread
 .text.__seofread
                0x0000000008007666        0x4 C:/ST/STM32CubeIDE_1.14.1/STM32CubeIDE/plugins/com.st.stm32cube.ide.mcu.externaltools.gnu-tools-for-stm32.11.3.rel1.win32_1.1.100.202309141235/tools/bin/../lib/gcc/arm-none-eabi/11.3.1/../../../../arm-none-eabi/lib/thumb/v7e-m+fp/hard\libc_nano.a(libc_a-stdio.o)
                0x0000000008007666                __seofread
 .text.__swrite
                0x000000000800766a       0x38 C:/ST/STM32CubeIDE_1.14.1/STM32CubeIDE/plugins/com.st.stm32cube.ide.mcu.externaltools.gnu-tools-for-stm32.11.3.rel1.win32_1.1.100.202309141235/tools/bin/../lib/gcc/arm-none-eabi/11.3.1/../../../../arm-none-eabi/lib/thumb/v7e-m+fp/hard\libc_nano.a(libc_a-stdio.o)
                0x000000000800766a                __swrite
 .text.__sseek  0x00000000080076a2       0x24 C:/ST/STM32CubeIDE_1.14.1/STM32CubeIDE/plugins/com.st.stm32cube.ide.mcu.externaltools.gnu-tools-for-stm32.11.3.rel1.win32_1.1.100.202309141235/tools/bin/../lib/gcc/arm-none-eabi/11.3.1/../../../../arm-none-eabi/lib/thumb/v7e-m+fp/hard\libc_nano.a(libc_a-stdio.o)
                0x00000000080076a2                __sseek
 .text.__sclose
                0x00000000080076c6        0x8 C:/ST/STM32CubeIDE_1.14.1/STM32CubeIDE/plugins/com.st.stm32cube.ide.mcu.externaltools.gnu-tools-for-stm32.11.3.rel1.win32_1.1.100.202309141235/tools/bin/../lib/gcc/arm-none-eabi/11.3.1/../../../../arm-none-eabi/lib/thumb/v7e-m+fp/hard\libc_nano.a(libc_a-stdio.o)
                0x00000000080076c6                __sclose
 .text.memset   0x00000000080076ce       0x10 C:/ST/STM32CubeIDE_1.14.1/STM32CubeIDE/plugins/com.st.stm32cube.ide.mcu.externaltools.gnu-tools-for-stm32.11.3.rel1.win32_1.1.100.202309141235/tools/bin/../lib/gcc/arm-none-eabi/11.3.1/../../../../arm-none-eabi/lib/thumb/v7e-m+fp/hard\libc_nano.a(libc_a-memset.o)
                0x00000000080076ce                memset
 .text.strncmp  0x00000000080076de       0x24 C:/ST/STM32CubeIDE_1.14.1/STM32CubeIDE/plugins/com.st.stm32cube.ide.mcu.externaltools.gnu-tools-for-stm32.11.3.rel1.win32_1.1.100.202309141235/tools/bin/../lib/gcc/arm-none-eabi/11.3.1/../../../../arm-none-eabi/lib/thumb/v7e-m+fp/hard\libc_nano.a(libc_a-strncmp.o)
                0x00000000080076de                strncmp
 *fill*         0x0000000008007702        0x2 
 .text._localeconv_r
                0x0000000008007704        0x8 C:/ST/STM32CubeIDE_1.14.1/STM32CubeIDE/plugins/com.st.stm32cube.ide.mcu.externaltools.gnu-tools-for-stm32.11.3.rel1.win32_1.1.100.202309141235/tools/bin/../lib/gcc/arm-none-eabi/11.3.1/../../../../arm-none-eabi/lib/thumb/v7e-m+fp/hard\libc_nano.a(libc_a-localeconv.o)
                0x0000000008007704                _localeconv_r
 .text._close_r
                0x000000000800770c       0x20 C:/ST/STM32CubeIDE_1.14.1/STM32CubeIDE/plugins/com.st.stm32cube.ide.mcu.externaltools.gnu-tools-for-stm32.11.3.rel1.win32_1.1.100.202309141235/tools/bin/../lib/gcc/arm-none-eabi/11.3.1/../../../../arm-none-eabi/lib/thumb/v7e-m+fp/hard\libc_nano.a(libc_a-closer.o)
                0x000000000800770c                _close_r
 .text._lseek_r
                0x000000000800772c       0x24 C:/ST/STM32CubeIDE_1.14.1/STM32CubeIDE/plugins/com.st.stm32cube.ide.mcu.externaltools.gnu-tools-for-stm32.11.3.rel1.win32_1.1.100.202309141235/tools/bin/../lib/gcc/arm-none-eabi/11.3.1/../../../../arm-none-eabi/lib/thumb/v7e-m+fp/hard\libc_nano.a(libc_a-lseekr.o)
                0x000000000800772c                _lseek_r
 .text._read_r  0x0000000008007750       0x24 C:/ST/STM32CubeIDE_1.14.1/STM32CubeIDE/plugins/com.st.stm32cube.ide.mcu.externaltools.gnu-tools-for-stm32.11.3.rel1.win32_1.1.100.202309141235/tools/bin/../lib/gcc/arm-none-eabi/11.3.1/../../../../arm-none-eabi/lib/thumb/v7e-m+fp/hard\libc_nano.a(libc_a-readr.o)
                0x0000000008007750                _read_r
 .text._write_r
                0x0000000008007774       0x24 C:/ST/STM32CubeIDE_1.14.1/STM32CubeIDE/plugins/com.st.stm32cube.ide.mcu.externaltools.gnu-tools-for-stm32.11.3.rel1.win32_1.1.100.202309141235/tools/bin/../lib/gcc/arm-none-eabi/11.3.1/../../../../arm-none-eabi/lib/thumb/v7e-m+fp/hard\libc_nano.a(libc_a-writer.o)
                0x0000000008007774                _write_r
 .text.__errno  0x0000000008007798        0xc C:/ST/STM32CubeIDE_1.14.1/STM32CubeIDE/plugins/com.st.stm32cube.ide.mcu.externaltools.gnu-tools-for-stm32.11.3.rel1.win32_1.1.100.202309141235/tools/bin/../lib/gcc/arm-none-eabi/11.3.1/../../../../arm-none-eabi/lib/thumb/v7e-m+fp/hard\libc_nano.a(libc_a-errno.o)
                0x0000000008007798                __errno
 .text.__libc_init_array
                0x00000000080077a4       0x48 C:/ST/STM32CubeIDE_1.14.1/STM32CubeIDE/plugins/com.st.stm32cube.ide.mcu.externaltools.gnu-tools-for-stm32.11.3.rel1.win32_1.1.100.202309141235/tools/bin/../lib/gcc/arm-none-eabi/11.3.1/../../../../arm-none-eabi/lib/thumb/v7e-m+fp/hard\libc_nano.a(libc_a-init.o)
                0x00000000080077a4                __libc_init_array
 .text.__retarget_lock_init_recursive
                0x00000000080077ec        0x2 C:/ST/STM32CubeIDE_1.14.1/STM32CubeIDE/plugins/com.st.stm32cube.ide.mcu.externaltools.gnu-tools-for-stm32.11.3.rel1.win32_1.1.100.202309141235/tools/bin/../lib/gcc/arm-none-eabi/11.3.1/../../../../arm-none-eabi/lib/thumb/v7e-m+fp/hard\libc_nano.a(libc_a-lock.o)
                0x00000000080077ec                __retarget_lock_init_recursive
 .text.__retarget_lock_acquire_recursive
                0x00000000080077ee        0x2 C:/ST/STM32CubeIDE_1.14.1/STM32CubeIDE/plugins/com.st.stm32cube.ide.mcu.externaltools.gnu-tools-for-stm32.11.3.rel1.win32_1.1.100.202309141235/tools/bin/../lib/gcc/arm-none-eabi/11.3.1/../../../../arm-none-eabi/lib/thumb/v7e-m+fp/hard\libc_nano.a(libc_a-lock.o)
                0x00000000080077ee                __retarget_lock_acquire_recursive
 .text.__retarget_lock_release_recursive
                0x00000000080077f0        0x2 C:/ST/STM32CubeIDE_1.14.1/STM32CubeIDE/plugins/com.st.stm32cube.ide.mcu.externaltools.gnu-tools-for-stm32.11.3.rel1.win32_1.1.100.202309141235/tools/bin/../lib/gcc/arm-none-eabi/11.3.1/../../../../arm-none-eabi/lib/thumb/v7e-m+fp/hard\libc_nano.a(libc_a-lock.o)
                0x00000000080077f0                __retarget_lock_release_recursive
 *fill*         0x00000000080077f2        0x2 
 .text.nanf     0x00000000080077f4        0xc C:/ST/STM32CubeIDE_1.14.1/STM32CubeIDE/plugins/com.st.stm32cube.ide.mcu.externaltools.gnu-tools-for-stm32.11.3.rel1.win32_1.1.100.202309141235/tools/bin/../lib/gcc/arm-none-eabi/11.3.1/../../../../arm-none-eabi/lib/thumb/v7e-m+fp/hard\libc_nano.a(libm_a-sf_nan.o)
                0x00000000080077f4                nanf
 .text.quorem   0x0000000008007800      0x110 C:/ST/STM32CubeIDE_1.14.1/STM32CubeIDE/plugins/com.st.stm32cube.ide.mcu.externaltools.gnu-tools-for-stm32.11.3.rel1.win32_1.1.100.202309141235/tools/bin/../lib/gcc/arm-none-eabi/11.3.1/../../../../arm-none-eabi/lib/thumb/v7e-m+fp/hard\libc_nano.a(libc_a-dtoa.o)
 .text._dtoa_r  0x0000000008007910      0xbe4 C:/ST/STM32CubeIDE_1.14.1/STM32CubeIDE/plugins/com.st.stm32cube.ide.mcu.externaltools.gnu-tools-for-stm32.11.3.rel1.win32_1.1.100.202309141235/tools/bin/../lib/gcc/arm-none-eabi/11.3.1/../../../../arm-none-eabi/lib/thumb/v7e-m+fp/hard\libc_nano.a(libc_a-dtoa.o)
                0x0000000008007910                _dtoa_r
 .text._free_r  0x00000000080084f4       0x98 C:/ST/STM32CubeIDE_1.14.1/STM32CubeIDE/plugins/com.st.stm32cube.ide.mcu.externaltools.gnu-tools-for-stm32.11.3.rel1.win32_1.1.100.202309141235/tools/bin/../lib/gcc/arm-none-eabi/11.3.1/../../../../arm-none-eabi/lib/thumb/v7e-m+fp/hard\libc_nano.a(libc_a-freer.o)
                0x00000000080084f4                _free_r
 .text.malloc   0x000000000800858c       0x10 C:/ST/STM32CubeIDE_1.14.1/STM32CubeIDE/plugins/com.st.stm32cube.ide.mcu.externaltools.gnu-tools-for-stm32.11.3.rel1.win32_1.1.100.202309141235/tools/bin/../lib/gcc/arm-none-eabi/11.3.1/../../../../arm-none-eabi/lib/thumb/v7e-m+fp/hard\libc_nano.a(libc_a-malloc.o)
                0x000000000800858c                malloc
 .text.sbrk_aligned
                0x000000000800859c       0x40 C:/ST/STM32CubeIDE_1.14.1/STM32CubeIDE/plugins/com.st.stm32cube.ide.mcu.externaltools.gnu-tools-for-stm32.11.3.rel1.win32_1.1.100.202309141235/tools/bin/../lib/gcc/arm-none-eabi/11.3.1/../../../../arm-none-eabi/lib/thumb/v7e-m+fp/hard\libc_nano.a(libc_a-mallocr.o)
 .text._malloc_r
                0x00000000080085dc      0x100 C:/ST/STM32CubeIDE_1.14.1/STM32CubeIDE/plugins/com.st.stm32cube.ide.mcu.externaltools.gnu-tools-for-stm32.11.3.rel1.win32_1.1.100.202309141235/tools/bin/../lib/gcc/arm-none-eabi/11.3.1/../../../../arm-none-eabi/lib/thumb/v7e-m+fp/hard\libc_nano.a(libc_a-mallocr.o)
                0x00000000080085dc                _malloc_r
 .text.__malloc_lock
                0x00000000080086dc        0xc C:/ST/STM32CubeIDE_1.14.1/STM32CubeIDE/plugins/com.st.stm32cube.ide.mcu.externaltools.gnu-tools-for-stm32.11.3.rel1.win32_1.1.100.202309141235/tools/bin/../lib/gcc/arm-none-eabi/11.3.1/../../../../arm-none-eabi/lib/thumb/v7e-m+fp/hard\libc_nano.a(libc_a-mlock.o)
                0x00000000080086dc                __malloc_lock
 .text.__malloc_unlock
                0x00000000080086e8        0xc C:/ST/STM32CubeIDE_1.14.1/STM32CubeIDE/plugins/com.st.stm32cube.ide.mcu.externaltools.gnu-tools-for-stm32.11.3.rel1.win32_1.1.100.202309141235/tools/bin/../lib/gcc/arm-none-eabi/11.3.1/../../../../arm-none-eabi/lib/thumb/v7e-m+fp/hard\libc_nano.a(libc_a-mlock.o)
                0x00000000080086e8                __malloc_unlock
 .text._Balloc  0x00000000080086f4       0x80 C:/ST/STM32CubeIDE_1.14.1/STM32CubeIDE/plugins/com.st.stm32cube.ide.mcu.externaltools.gnu-tools-for-stm32.11.3.rel1.win32_1.1.100.202309141235/tools/bin/../lib/gcc/arm-none-eabi/11.3.1/../../../../arm-none-eabi/lib/thumb/v7e-m+fp/hard\libc_nano.a(libc_a-mprec.o)
                0x00000000080086f4                _Balloc
 .text._Bfree   0x0000000008008774       0x44 C:/ST/STM32CubeIDE_1.14.1/STM32CubeIDE/plugins/com.st.stm32cube.ide.mcu.externaltools.gnu-tools-for-stm32.11.3.rel1.win32_1.1.100.202309141235/tools/bin/../lib/gcc/arm-none-eabi/11.3.1/../../../../arm-none-eabi/lib/thumb/v7e-m+fp/hard\libc_nano.a(libc_a-mprec.o)
                0x0000000008008774                _Bfree
 .text.__multadd
                0x00000000080087b8       0x8c C:/ST/STM32CubeIDE_1.14.1/STM32CubeIDE/plugins/com.st.stm32cube.ide.mcu.externaltools.gnu-tools-for-stm32.11.3.rel1.win32_1.1.100.202309141235/tools/bin/../lib/gcc/arm-none-eabi/11.3.1/../../../../arm-none-eabi/lib/thumb/v7e-m+fp/hard\libc_nano.a(libc_a-mprec.o)
                0x00000000080087b8                __multadd
 .text.__s2b    0x0000000008008844       0x94 C:/ST/STM32CubeIDE_1.14.1/STM32CubeIDE/plugins/com.st.stm32cube.ide.mcu.externaltools.gnu-tools-for-stm32.11.3.rel1.win32_1.1.100.202309141235/tools/bin/../lib/gcc/arm-none-eabi/11.3.1/../../../../arm-none-eabi/lib/thumb/v7e-m+fp/hard\libc_nano.a(libc_a-mprec.o)
                0x0000000008008844                __s2b
 .text.__hi0bits
                0x00000000080088d8       0x40 C:/ST/STM32CubeIDE_1.14.1/STM32CubeIDE/plugins/com.st.stm32cube.ide.mcu.externaltools.gnu-tools-for-stm32.11.3.rel1.win32_1.1.100.202309141235/tools/bin/../lib/gcc/arm-none-eabi/11.3.1/../../../../arm-none-eabi/lib/thumb/v7e-m+fp/hard\libc_nano.a(libc_a-mprec.o)
                0x00000000080088d8                __hi0bits
 .text.__lo0bits
                0x0000000008008918       0x5a C:/ST/STM32CubeIDE_1.14.1/STM32CubeIDE/plugins/com.st.stm32cube.ide.mcu.externaltools.gnu-tools-for-stm32.11.3.rel1.win32_1.1.100.202309141235/tools/bin/../lib/gcc/arm-none-eabi/11.3.1/../../../../arm-none-eabi/lib/thumb/v7e-m+fp/hard\libc_nano.a(libc_a-mprec.o)
                0x0000000008008918                __lo0bits
 *fill*         0x0000000008008972        0x2 
 .text.__i2b    0x0000000008008974       0x2c C:/ST/STM32CubeIDE_1.14.1/STM32CubeIDE/plugins/com.st.stm32cube.ide.mcu.externaltools.gnu-tools-for-stm32.11.3.rel1.win32_1.1.100.202309141235/tools/bin/../lib/gcc/arm-none-eabi/11.3.1/../../../../arm-none-eabi/lib/thumb/v7e-m+fp/hard\libc_nano.a(libc_a-mprec.o)
                0x0000000008008974                __i2b
 .text.__multiply
                0x00000000080089a0      0x154 C:/ST/STM32CubeIDE_1.14.1/STM32CubeIDE/plugins/com.st.stm32cube.ide.mcu.externaltools.gnu-tools-for-stm32.11.3.rel1.win32_1.1.100.202309141235/tools/bin/../lib/gcc/arm-none-eabi/11.3.1/../../../../arm-none-eabi/lib/thumb/v7e-m+fp/hard\libc_nano.a(libc_a-mprec.o)
                0x00000000080089a0                __multiply
 .text.__pow5mult
                0x0000000008008af4       0xb4 C:/ST/STM32CubeIDE_1.14.1/STM32CubeIDE/plugins/com.st.stm32cube.ide.mcu.externaltools.gnu-tools-for-stm32.11.3.rel1.win32_1.1.100.202309141235/tools/bin/../lib/gcc/arm-none-eabi/11.3.1/../../../../arm-none-eabi/lib/thumb/v7e-m+fp/hard\libc_nano.a(libc_a-mprec.o)
                0x0000000008008af4                __pow5mult
 .text.__lshift
                0x0000000008008ba8       0xd8 C:/ST/STM32CubeIDE_1.14.1/STM32CubeIDE/plugins/com.st.stm32cube.ide.mcu.externaltools.gnu-tools-for-stm32.11.3.rel1.win32_1.1.100.202309141235/tools/bin/../lib/gcc/arm-none-eabi/11.3.1/../../../../arm-none-eabi/lib/thumb/v7e-m+fp/hard\libc_nano.a(libc_a-mprec.o)
                0x0000000008008ba8                __lshift
 .text.__mcmp   0x0000000008008c80       0x38 C:/ST/STM32CubeIDE_1.14.1/STM32CubeIDE/plugins/com.st.stm32cube.ide.mcu.externaltools.gnu-tools-for-stm32.11.3.rel1.win32_1.1.100.202309141235/tools/bin/../lib/gcc/arm-none-eabi/11.3.1/../../../../arm-none-eabi/lib/thumb/v7e-m+fp/hard\libc_nano.a(libc_a-mprec.o)
                0x0000000008008c80                __mcmp
 .text.__mdiff  0x0000000008008cb8      0x114 C:/ST/STM32CubeIDE_1.14.1/STM32CubeIDE/plugins/com.st.stm32cube.ide.mcu.externaltools.gnu-tools-for-stm32.11.3.rel1.win32_1.1.100.202309141235/tools/bin/../lib/gcc/arm-none-eabi/11.3.1/../../../../arm-none-eabi/lib/thumb/v7e-m+fp/hard\libc_nano.a(libc_a-mprec.o)
                0x0000000008008cb8                __mdiff
 .text.__ulp    0x0000000008008dcc       0x4c C:/ST/STM32CubeIDE_1.14.1/STM32CubeIDE/plugins/com.st.stm32cube.ide.mcu.externaltools.gnu-tools-for-stm32.11.3.rel1.win32_1.1.100.202309141235/tools/bin/../lib/gcc/arm-none-eabi/11.3.1/../../../../arm-none-eabi/lib/thumb/v7e-m+fp/hard\libc_nano.a(libc_a-mprec.o)
                0x0000000008008dcc                __ulp
 .text.__b2d    0x0000000008008e18       0x94 C:/ST/STM32CubeIDE_1.14.1/STM32CubeIDE/plugins/com.st.stm32cube.ide.mcu.externaltools.gnu-tools-for-stm32.11.3.rel1.win32_1.1.100.202309141235/tools/bin/../lib/gcc/arm-none-eabi/11.3.1/../../../../arm-none-eabi/lib/thumb/v7e-m+fp/hard\libc_nano.a(libc_a-mprec.o)
                0x0000000008008e18                __b2d
 .text.__d2b    0x0000000008008eac       0xb4 C:/ST/STM32CubeIDE_1.14.1/STM32CubeIDE/plugins/com.st.stm32cube.ide.mcu.externaltools.gnu-tools-for-stm32.11.3.rel1.win32_1.1.100.202309141235/tools/bin/../lib/gcc/arm-none-eabi/11.3.1/../../../../arm-none-eabi/lib/thumb/v7e-m+fp/hard\libc_nano.a(libc_a-mprec.o)
                0x0000000008008eac                __d2b
 .text.__ratio  0x0000000008008f60       0x66 C:/ST/STM32CubeIDE_1.14.1/STM32CubeIDE/plugins/com.st.stm32cube.ide.mcu.externaltools.gnu-tools-for-stm32.11.3.rel1.win32_1.1.100.202309141235/tools/bin/../lib/gcc/arm-none-eabi/11.3.1/../../../../arm-none-eabi/lib/thumb/v7e-m+fp/hard\libc_nano.a(libc_a-mprec.o)
                0x0000000008008f60                __ratio
 .text.__copybits
                0x0000000008008fc6       0x46 C:/ST/STM32CubeIDE_1.14.1/STM32CubeIDE/plugins/com.st.stm32cube.ide.mcu.externaltools.gnu-tools-for-stm32.11.3.rel1.win32_1.1.100.202309141235/tools/bin/../lib/gcc/arm-none-eabi/11.3.1/../../../../arm-none-eabi/lib/thumb/v7e-m+fp/hard\libc_nano.a(libc_a-mprec.o)
                0x0000000008008fc6                __copybits
 .text.__any_on
                0x000000000800900c       0x42 C:/ST/STM32CubeIDE_1.14.1/STM32CubeIDE/plugins/com.st.stm32cube.ide.mcu.externaltools.gnu-tools-for-stm32.11.3.rel1.win32_1.1.100.202309141235/tools/bin/../lib/gcc/arm-none-eabi/11.3.1/../../../../arm-none-eabi/lib/thumb/v7e-m+fp/hard\libc_nano.a(libc_a-mprec.o)
                0x000000000800900c                __any_on
 .text.sulp     0x000000000800904e       0x38 C:/ST/STM32CubeIDE_1.14.1/STM32CubeIDE/plugins/com.st.stm32cube.ide.mcu.externaltools.gnu-tools-for-stm32.11.3.rel1.win32_1.1.100.202309141235/tools/bin/../lib/gcc/arm-none-eabi/11.3.1/../../../../arm-none-eabi/lib/thumb/v7e-m+fp/hard\libc_nano.a(libc_a-strtod.o)
 *fill*         0x0000000008009086        0x2 
 .text._strtod_l
                0x0000000008009088      0xbe0 C:/ST/STM32CubeIDE_1.14.1/STM32CubeIDE/plugins/com.st.stm32cube.ide.mcu.externaltools.gnu-tools-for-stm32.11.3.rel1.win32_1.1.100.202309141235/tools/bin/../lib/gcc/arm-none-eabi/11.3.1/../../../../arm-none-eabi/lib/thumb/v7e-m+fp/hard\libc_nano.a(libc_a-strtod.o)
                0x0000000008009088                _strtod_l
 .text._strtod_r
                0x0000000008009c68        0xc C:/ST/STM32CubeIDE_1.14.1/STM32CubeIDE/plugins/com.st.stm32cube.ide.mcu.externaltools.gnu-tools-for-stm32.11.3.rel1.win32_1.1.100.202309141235/tools/bin/../lib/gcc/arm-none-eabi/11.3.1/../../../../arm-none-eabi/lib/thumb/v7e-m+fp/hard\libc_nano.a(libc_a-strtod.o)
                0x0000000008009c68                _strtod_r
 .text._strtol_l.constprop.0
                0x0000000008009c74      0x104 C:/ST/STM32CubeIDE_1.14.1/STM32CubeIDE/plugins/com.st.stm32cube.ide.mcu.externaltools.gnu-tools-for-stm32.11.3.rel1.win32_1.1.100.202309141235/tools/bin/../lib/gcc/arm-none-eabi/11.3.1/../../../../arm-none-eabi/lib/thumb/v7e-m+fp/hard\libc_nano.a(libc_a-strtol.o)
 .text._strtol_r
                0x0000000008009d78        0x4 C:/ST/STM32CubeIDE_1.14.1/STM32CubeIDE/plugins/com.st.stm32cube.ide.mcu.externaltools.gnu-tools-for-stm32.11.3.rel1.win32_1.1.100.202309141235/tools/bin/../lib/gcc/arm-none-eabi/11.3.1/../../../../arm-none-eabi/lib/thumb/v7e-m+fp/hard\libc_nano.a(libc_a-strtol.o)
                0x0000000008009d78                _strtol_r
 .text.__ssputs_r
                0x0000000008009d7c       0xb4 C:/ST/STM32CubeIDE_1.14.1/STM32CubeIDE/plugins/com.st.stm32cube.ide.mcu.externaltools.gnu-tools-for-stm32.11.3.rel1.win32_1.1.100.202309141235/tools/bin/../lib/gcc/arm-none-eabi/11.3.1/../../../../arm-none-eabi/lib/thumb/v7e-m+fp/hard\libc_nano.a(libc_a-nano-svfprintf.o)
                0x0000000008009d7c                __ssputs_r
 .text._svfprintf_r
                0x0000000008009e30      0x1fc C:/ST/STM32CubeIDE_1.14.1/STM32CubeIDE/plugins/com.st.stm32cube.ide.mcu.externaltools.gnu-tools-for-stm32.11.3.rel1.win32_1.1.100.202309141235/tools/bin/../lib/gcc/arm-none-eabi/11.3.1/../../../../arm-none-eabi/lib/thumb/v7e-m+fp/hard\libc_nano.a(libc_a-nano-svfprintf.o)
                0x0000000008009e30                _svfiprintf_r
                0x0000000008009e30                _svfprintf_r
 .text._sungetc_r
                0x000000000800a02c       0x7a C:/ST/STM32CubeIDE_1.14.1/STM32CubeIDE/plugins/com.st.stm32cube.ide.mcu.externaltools.gnu-tools-for-stm32.11.3.rel1.win32_1.1.100.202309141235/tools/bin/../lib/gcc/arm-none-eabi/11.3.1/../../../../arm-none-eabi/lib/thumb/v7e-m+fp/hard\libc_nano.a(libc_a-nano-svfscanf.o)
                0x000000000800a02c                _sungetc_r
 .text.__ssrefill_r
                0x000000000800a0a6       0x3a C:/ST/STM32CubeIDE_1.14.1/STM32CubeIDE/plugins/com.st.stm32cube.ide.mcu.externaltools.gnu-tools-for-stm32.11.3.rel1.win32_1.1.100.202309141235/tools/bin/../lib/gcc/arm-none-eabi/11.3.1/../../../../arm-none-eabi/lib/thumb/v7e-m+fp/hard\libc_nano.a(libc_a-nano-svfscanf.o)
                0x000000000800a0a6                __ssrefill_r
 .text.__ssvfscanf_r
                0x000000000800a0e0      0x2f0 C:/ST/STM32CubeIDE_1.14.1/STM32CubeIDE/plugins/com.st.stm32cube.ide.mcu.externaltools.gnu-tools-for-stm32.11.3.rel1.win32_1.1.100.202309141235/tools/bin/../lib/gcc/arm-none-eabi/11.3.1/../../../../arm-none-eabi/lib/thumb/v7e-m+fp/hard\libc_nano.a(libc_a-nano-svfscanf.o)
                0x000000000800a0e0                __ssvfiscanf_r
                0x000000000800a0e0                __ssvfscanf_r
 .text._scanf_chars
                0x000000000800a3d0       0xb4 C:/ST/STM32CubeIDE_1.14.1/STM32CubeIDE/plugins/com.st.stm32cube.ide.mcu.externaltools.gnu-tools-for-stm32.11.3.rel1.win32_1.1.100.202309141235/tools/bin/../lib/gcc/arm-none-eabi/11.3.1/../../../../arm-none-eabi/lib/thumb/v7e-m+fp/hard\libc_nano.a(libc_a-nano-vfscanf_i.o)
                0x000000000800a3d0                _scanf_chars
 .text._scanf_i
                0x000000000800a484      0x1e8 C:/ST/STM32CubeIDE_1.14.1/STM32CubeIDE/plugins/com.st.stm32cube.ide.mcu.externaltools.gnu-tools-for-stm32.11.3.rel1.win32_1.1.100.202309141235/tools/bin/../lib/gcc/arm-none-eabi/11.3.1/../../../../arm-none-eabi/lib/thumb/v7e-m+fp/hard\libc_nano.a(libc_a-nano-vfscanf_i.o)
                0x000000000800a484                _scanf_i
 .text.__sflush_r
                0x000000000800a66c      0x10c C:/ST/STM32CubeIDE_1.14.1/STM32CubeIDE/plugins/com.st.stm32cube.ide.mcu.externaltools.gnu-tools-for-stm32.11.3.rel1.win32_1.1.100.202309141235/tools/bin/../lib/gcc/arm-none-eabi/11.3.1/../../../../arm-none-eabi/lib/thumb/v7e-m+fp/hard\libc_nano.a(libc_a-fflush.o)
                0x000000000800a66c                __sflush_r
 .text._fflush_r
                0x000000000800a778       0x50 C:/ST/STM32CubeIDE_1.14.1/STM32CubeIDE/plugins/com.st.stm32cube.ide.mcu.externaltools.gnu-tools-for-stm32.11.3.rel1.win32_1.1.100.202309141235/tools/bin/../lib/gcc/arm-none-eabi/11.3.1/../../../../arm-none-eabi/lib/thumb/v7e-m+fp/hard\libc_nano.a(libc_a-fflush.o)
                0x000000000800a778                _fflush_r
 .text.__sccl   0x000000000800a7c8       0x72 C:/ST/STM32CubeIDE_1.14.1/STM32CubeIDE/plugins/com.st.stm32cube.ide.mcu.externaltools.gnu-tools-for-stm32.11.3.rel1.win32_1.1.100.202309141235/tools/bin/../lib/gcc/arm-none-eabi/11.3.1/../../../../arm-none-eabi/lib/thumb/v7e-m+fp/hard\libc_nano.a(libc_a-sccl.o)
                0x000000000800a7c8                __sccl
 .text.__submore
                0x000000000800a83a       0x74 C:/ST/STM32CubeIDE_1.14.1/STM32CubeIDE/plugins/com.st.stm32cube.ide.mcu.externaltools.gnu-tools-for-stm32.11.3.rel1.win32_1.1.100.202309141235/tools/bin/../lib/gcc/arm-none-eabi/11.3.1/../../../../arm-none-eabi/lib/thumb/v7e-m+fp/hard\libc_nano.a(libc_a-ungetc.o)
                0x000000000800a83a                __submore
 .text.memmove  0x000000000800a8ae       0x34 C:/ST/STM32CubeIDE_1.14.1/STM32CubeIDE/plugins/com.st.stm32cube.ide.mcu.externaltools.gnu-tools-for-stm32.11.3.rel1.win32_1.1.100.202309141235/tools/bin/../lib/gcc/arm-none-eabi/11.3.1/../../../../arm-none-eabi/lib/thumb/v7e-m+fp/hard\libc_nano.a(libc_a-memmove.o)
                0x000000000800a8ae                memmove
 *fill*         0x000000000800a8e2        0x2 
 .text._sbrk_r  0x000000000800a8e4       0x20 C:/ST/STM32CubeIDE_1.14.1/STM32CubeIDE/plugins/com.st.stm32cube.ide.mcu.externaltools.gnu-tools-for-stm32.11.3.rel1.win32_1.1.100.202309141235/tools/bin/../lib/gcc/arm-none-eabi/11.3.1/../../../../arm-none-eabi/lib/thumb/v7e-m+fp/hard\libc_nano.a(libc_a-sbrkr.o)
                0x000000000800a8e4                _sbrk_r
 .text.memcpy   0x000000000800a904       0x1c C:/ST/STM32CubeIDE_1.14.1/STM32CubeIDE/plugins/com.st.stm32cube.ide.mcu.externaltools.gnu-tools-for-stm32.11.3.rel1.win32_1.1.100.202309141235/tools/bin/../lib/gcc/arm-none-eabi/11.3.1/../../../../arm-none-eabi/lib/thumb/v7e-m+fp/hard\libc_nano.a(libc_a-memcpy-stub.o)
                0x000000000800a904                memcpy
 .text.nan      0x000000000800a920       0x10 C:/ST/STM32CubeIDE_1.14.1/STM32CubeIDE/plugins/com.st.stm32cube.ide.mcu.externaltools.gnu-tools-for-stm32.11.3.rel1.win32_1.1.100.202309141235/tools/bin/../lib/gcc/arm-none-eabi/11.3.1/../../../../arm-none-eabi/lib/thumb/v7e-m+fp/hard\libc_nano.a(libm_a-s_nan.o)
                0x000000000800a920                nan
 .text.__assert_func
                0x000000000800a930       0x3c C:/ST/STM32CubeIDE_1.14.1/STM32CubeIDE/plugins/com.st.stm32cube.ide.mcu.externaltools.gnu-tools-for-stm32.11.3.rel1.win32_1.1.100.202309141235/tools/bin/../lib/gcc/arm-none-eabi/11.3.1/../../../../arm-none-eabi/lib/thumb/v7e-m+fp/hard\libc_nano.a(libc_a-assert.o)
                0x000000000800a930                __assert_func
 .text._calloc_r
                0x000000000800a96c       0x2c C:/ST/STM32CubeIDE_1.14.1/STM32CubeIDE/plugins/com.st.stm32cube.ide.mcu.externaltools.gnu-tools-for-stm32.11.3.rel1.win32_1.1.100.202309141235/tools/bin/../lib/gcc/arm-none-eabi/11.3.1/../../../../arm-none-eabi/lib/thumb/v7e-m+fp/hard\libc_nano.a(libc_a-callocr.o)
                0x000000000800a96c                _calloc_r
 .text.rshift   0x000000000800a998       0xa4 C:/ST/STM32CubeIDE_1.14.1/STM32CubeIDE/plugins/com.st.stm32cube.ide.mcu.externaltools.gnu-tools-for-stm32.11.3.rel1.win32_1.1.100.202309141235/tools/bin/../lib/gcc/arm-none-eabi/11.3.1/../../../../arm-none-eabi/lib/thumb/v7e-m+fp/hard\libc_nano.a(libc_a-gdtoa-gethex.o)
 .text.__hexdig_fun
                0x000000000800aa3c       0x2a C:/ST/STM32CubeIDE_1.14.1/STM32CubeIDE/plugins/com.st.stm32cube.ide.mcu.externaltools.gnu-tools-for-stm32.11.3.rel1.win32_1.1.100.202309141235/tools/bin/../lib/gcc/arm-none-eabi/11.3.1/../../../../arm-none-eabi/lib/thumb/v7e-m+fp/hard\libc_nano.a(libc_a-gdtoa-gethex.o)
                0x000000000800aa3c                __hexdig_fun
 *fill*         0x000000000800aa66        0x2 
 .text.__gethex
                0x000000000800aa68      0x45c C:/ST/STM32CubeIDE_1.14.1/STM32CubeIDE/plugins/com.st.stm32cube.ide.mcu.externaltools.gnu-tools-for-stm32.11.3.rel1.win32_1.1.100.202309141235/tools/bin/../lib/gcc/arm-none-eabi/11.3.1/../../../../arm-none-eabi/lib/thumb/v7e-m+fp/hard\libc_nano.a(libc_a-gdtoa-gethex.o)
                0x000000000800aa68                __gethex
 .text.L_shift  0x000000000800aec4       0x24 C:/ST/STM32CubeIDE_1.14.1/STM32CubeIDE/plugins/com.st.stm32cube.ide.mcu.externaltools.gnu-tools-for-stm32.11.3.rel1.win32_1.1.100.202309141235/tools/bin/../lib/gcc/arm-none-eabi/11.3.1/../../../../arm-none-eabi/lib/thumb/v7e-m+fp/hard\libc_nano.a(libc_a-gdtoa-hexnan.o)
 .text.__match  0x000000000800aee8       0x28 C:/ST/STM32CubeIDE_1.14.1/STM32CubeIDE/plugins/com.st.stm32cube.ide.mcu.externaltools.gnu-tools-for-stm32.11.3.rel1.win32_1.1.100.202309141235/tools/bin/../lib/gcc/arm-none-eabi/11.3.1/../../../../arm-none-eabi/lib/thumb/v7e-m+fp/hard\libc_nano.a(libc_a-gdtoa-hexnan.o)
                0x000000000800aee8                __match
 .text.__hexnan
                0x000000000800af10      0x136 C:/ST/STM32CubeIDE_1.14.1/STM32CubeIDE/plugins/com.st.stm32cube.ide.mcu.externaltools.gnu-tools-for-stm32.11.3.rel1.win32_1.1.100.202309141235/tools/bin/../lib/gcc/arm-none-eabi/11.3.1/../../../../arm-none-eabi/lib/thumb/v7e-m+fp/hard\libc_nano.a(libc_a-gdtoa-hexnan.o)
                0x000000000800af10                __hexnan
 .text.__ascii_mbtowc
                0x000000000800b046       0x24 C:/ST/STM32CubeIDE_1.14.1/STM32CubeIDE/plugins/com.st.stm32cube.ide.mcu.externaltools.gnu-tools-for-stm32.11.3.rel1.win32_1.1.100.202309141235/tools/bin/../lib/gcc/arm-none-eabi/11.3.1/../../../../arm-none-eabi/lib/thumb/v7e-m+fp/hard\libc_nano.a(libc_a-mbtowc_r.o)
                0x000000000800b046                __ascii_mbtowc
 .text._realloc_r
                0x000000000800b06a       0x5e C:/ST/STM32CubeIDE_1.14.1/STM32CubeIDE/plugins/com.st.stm32cube.ide.mcu.externaltools.gnu-tools-for-stm32.11.3.rel1.win32_1.1.100.202309141235/tools/bin/../lib/gcc/arm-none-eabi/11.3.1/../../../../arm-none-eabi/lib/thumb/v7e-m+fp/hard\libc_nano.a(libc_a-reallocr.o)
                0x000000000800b06a                _realloc_r
 .text._strtoul_l.constprop.0
                0x000000000800b0c8       0xe4 C:/ST/STM32CubeIDE_1.14.1/STM32CubeIDE/plugins/com.st.stm32cube.ide.mcu.externaltools.gnu-tools-for-stm32.11.3.rel1.win32_1.1.100.202309141235/tools/bin/../lib/gcc/arm-none-eabi/11.3.1/../../../../arm-none-eabi/lib/thumb/v7e-m+fp/hard\libc_nano.a(libc_a-strtoul.o)
 .text._strtoul_r
                0x000000000800b1ac        0x4 C:/ST/STM32CubeIDE_1.14.1/STM32CubeIDE/plugins/com.st.stm32cube.ide.mcu.externaltools.gnu-tools-for-stm32.11.3.rel1.win32_1.1.100.202309141235/tools/bin/../lib/gcc/arm-none-eabi/11.3.1/../../../../arm-none-eabi/lib/thumb/v7e-m+fp/hard\libc_nano.a(libc_a-strtoul.o)
                0x000000000800b1ac                _strtoul_r
 .text.__ascii_wctomb
                0x000000000800b1b0       0x1a C:/ST/STM32CubeIDE_1.14.1/STM32CubeIDE/plugins/com.st.stm32cube.ide.mcu.externaltools.gnu-tools-for-stm32.11.3.rel1.win32_1.1.100.202309141235/tools/bin/../lib/gcc/arm-none-eabi/11.3.1/../../../../arm-none-eabi/lib/thumb/v7e-m+fp/hard\libc_nano.a(libc_a-wctomb_r.o)
                0x000000000800b1b0                __ascii_wctomb
 *fill*         0x000000000800b1ca        0x2 
 .text.fprintf  0x000000000800b1cc       0x24 C:/ST/STM32CubeIDE_1.14.1/STM32CubeIDE/plugins/com.st.stm32cube.ide.mcu.externaltools.gnu-tools-for-stm32.11.3.rel1.win32_1.1.100.202309141235/tools/bin/../lib/gcc/arm-none-eabi/11.3.1/../../../../arm-none-eabi/lib/thumb/v7e-m+fp/hard\libc_nano.a(libc_a-fprintf.o)
                0x000000000800b1cc                fiprintf
                0x000000000800b1cc                fprintf
 .text.abort    0x000000000800b1f0        0xe C:/ST/STM32CubeIDE_1.14.1/STM32CubeIDE/plugins/com.st.stm32cube.ide.mcu.externaltools.gnu-tools-for-stm32.11.3.rel1.win32_1.1.100.202309141235/tools/bin/../lib/gcc/arm-none-eabi/11.3.1/../../../../arm-none-eabi/lib/thumb/v7e-m+fp/hard\libc_nano.a(libc_a-abort.o)
                0x000000000800b1f0                abort
 .text._malloc_usable_size_r
                0x000000000800b1fe       0x10 C:/ST/STM32CubeIDE_1.14.1/STM32CubeIDE/plugins/com.st.stm32cube.ide.mcu.externaltools.gnu-tools-for-stm32.11.3.rel1.win32_1.1.100.202309141235/tools/bin/../lib/gcc/arm-none-eabi/11.3.1/../../../../arm-none-eabi/lib/thumb/v7e-m+fp/hard\libc_nano.a(libc_a-msizer.o)
                0x000000000800b1fe                _malloc_usable_size_r
 .text.__sfputc_r
                0x000000000800b20e       0x2e C:/ST/STM32CubeIDE_1.14.1/STM32CubeIDE/plugins/com.st.stm32cube.ide.mcu.externaltools.gnu-tools-for-stm32.11.3.rel1.win32_1.1.100.202309141235/tools/bin/../lib/gcc/arm-none-eabi/11.3.1/../../../../arm-none-eabi/lib/thumb/v7e-m+fp/hard\libc_nano.a(libc_a-nano-vfprintf.o)
 .text.__sfputs_r
                0x000000000800b23c       0x24 C:/ST/STM32CubeIDE_1.14.1/STM32CubeIDE/plugins/com.st.stm32cube.ide.mcu.externaltools.gnu-tools-for-stm32.11.3.rel1.win32_1.1.100.202309141235/tools/bin/../lib/gcc/arm-none-eabi/11.3.1/../../../../arm-none-eabi/lib/thumb/v7e-m+fp/hard\libc_nano.a(libc_a-nano-vfprintf.o)
                0x000000000800b23c                __sfputs_r
 .text._vfprintf_r
                0x000000000800b260      0x234 C:/ST/STM32CubeIDE_1.14.1/STM32CubeIDE/plugins/com.st.stm32cube.ide.mcu.externaltools.gnu-tools-for-stm32.11.3.rel1.win32_1.1.100.202309141235/tools/bin/../lib/gcc/arm-none-eabi/11.3.1/../../../../arm-none-eabi/lib/thumb/v7e-m+fp/hard\libc_nano.a(libc_a-nano-vfprintf.o)
                0x000000000800b260                _vfprintf_r
                0x000000000800b260                _vfiprintf_r
 .text.__swbuf_r
                0x000000000800b494       0x7a C:/ST/STM32CubeIDE_1.14.1/STM32CubeIDE/plugins/com.st.stm32cube.ide.mcu.externaltools.gnu-tools-for-stm32.11.3.rel1.win32_1.1.100.202309141235/tools/bin/../lib/gcc/arm-none-eabi/11.3.1/../../../../arm-none-eabi/lib/thumb/v7e-m+fp/hard\libc_nano.a(libc_a-wbuf.o)
                0x000000000800b494                __swbuf_r
 *fill*         0x000000000800b50e        0x2 
 .text.__swsetup_r
                0x000000000800b510       0xb0 C:/ST/STM32CubeIDE_1.14.1/STM32CubeIDE/plugins/com.st.stm32cube.ide.mcu.externaltools.gnu-tools-for-stm32.11.3.rel1.win32_1.1.100.202309141235/tools/bin/../lib/gcc/arm-none-eabi/11.3.1/../../../../arm-none-eabi/lib/thumb/v7e-m+fp/hard\libc_nano.a(libc_a-wsetup.o)
                0x000000000800b510                __swsetup_r
 .text._raise_r
                0x000000000800b5c0       0x50 C:/ST/STM32CubeIDE_1.14.1/STM32CubeIDE/plugins/com.st.stm32cube.ide.mcu.externaltools.gnu-tools-for-stm32.11.3.rel1.win32_1.1.100.202309141235/tools/bin/../lib/gcc/arm-none-eabi/11.3.1/../../../../arm-none-eabi/lib/thumb/v7e-m+fp/hard\libc_nano.a(libc_a-signal.o)
                0x000000000800b5c0                _raise_r
 .text.raise    0x000000000800b610       0x10 C:/ST/STM32CubeIDE_1.14.1/STM32CubeIDE/plugins/com.st.stm32cube.ide.mcu.externaltools.gnu-tools-for-stm32.11.3.rel1.win32_1.1.100.202309141235/tools/bin/../lib/gcc/arm-none-eabi/11.3.1/../../../../arm-none-eabi/lib/thumb/v7e-m+fp/hard\libc_nano.a(libc_a-signal.o)
                0x000000000800b610                raise
 .text._kill_r  0x000000000800b620       0x24 C:/ST/STM32CubeIDE_1.14.1/STM32CubeIDE/plugins/com.st.stm32cube.ide.mcu.externaltools.gnu-tools-for-stm32.11.3.rel1.win32_1.1.100.202309141235/tools/bin/../lib/gcc/arm-none-eabi/11.3.1/../../../../arm-none-eabi/lib/thumb/v7e-m+fp/hard\libc_nano.a(libc_a-signalr.o)
                0x000000000800b620                _kill_r
 .text._getpid_r
                0x000000000800b644        0x4 C:/ST/STM32CubeIDE_1.14.1/STM32CubeIDE/plugins/com.st.stm32cube.ide.mcu.externaltools.gnu-tools-for-stm32.11.3.rel1.win32_1.1.100.202309141235/tools/bin/../lib/gcc/arm-none-eabi/11.3.1/../../../../arm-none-eabi/lib/thumb/v7e-m+fp/hard\libc_nano.a(libc_a-signalr.o)
                0x000000000800b644                _getpid_r
 .text.__swhatbuf_r
                0x000000000800b648       0x4c C:/ST/STM32CubeIDE_1.14.1/STM32CubeIDE/plugins/com.st.stm32cube.ide.mcu.externaltools.gnu-tools-for-stm32.11.3.rel1.win32_1.1.100.202309141235/tools/bin/../lib/gcc/arm-none-eabi/11.3.1/../../../../arm-none-eabi/lib/thumb/v7e-m+fp/hard\libc_nano.a(libc_a-makebuf.o)
                0x000000000800b648                __swhatbuf_r
 .text.__smakebuf_r
                0x000000000800b694       0x78 C:/ST/STM32CubeIDE_1.14.1/STM32CubeIDE/plugins/com.st.stm32cube.ide.mcu.externaltools.gnu-tools-for-stm32.11.3.rel1.win32_1.1.100.202309141235/tools/bin/../lib/gcc/arm-none-eabi/11.3.1/../../../../arm-none-eabi/lib/thumb/v7e-m+fp/hard\libc_nano.a(libc_a-makebuf.o)
                0x000000000800b694                __smakebuf_r
 .text._fstat_r
                0x000000000800b70c       0x24 C:/ST/STM32CubeIDE_1.14.1/STM32CubeIDE/plugins/com.st.stm32cube.ide.mcu.externaltools.gnu-tools-for-stm32.11.3.rel1.win32_1.1.100.202309141235/tools/bin/../lib/gcc/arm-none-eabi/11.3.1/../../../../arm-none-eabi/lib/thumb/v7e-m+fp/hard\libc_nano.a(libc_a-fstatr.o)
                0x000000000800b70c                _fstat_r
 .text._isatty_r
                0x000000000800b730       0x20 C:/ST/STM32CubeIDE_1.14.1/STM32CubeIDE/plugins/com.st.stm32cube.ide.mcu.externaltools.gnu-tools-for-stm32.11.3.rel1.win32_1.1.100.202309141235/tools/bin/../lib/gcc/arm-none-eabi/11.3.1/../../../../arm-none-eabi/lib/thumb/v7e-m+fp/hard\libc_nano.a(libc_a-isattyr.o)
                0x000000000800b730                _isatty_r
 *(.glue_7)
 .glue_7        0x000000000800b750        0x0 linker stubs
 *(.glue_7t)
 .glue_7t       0x000000000800b750        0x0 linker stubs
 *(.eh_frame)
 .eh_frame      0x000000000800b750        0x0 C:/ST/STM32CubeIDE_1.14.1/STM32CubeIDE/plugins/com.st.stm32cube.ide.mcu.externaltools.gnu-tools-for-stm32.11.3.rel1.win32_1.1.100.202309141235/tools/bin/../lib/gcc/arm-none-eabi/11.3.1/thumb/v7e-m+fp/hard/crtbegin.o
 *(.init)
 .init          0x000000000800b750        0x4 C:/ST/STM32CubeIDE_1.14.1/STM32CubeIDE/plugins/com.st.stm32cube.ide.mcu.externaltools.gnu-tools-for-stm32.11.3.rel1.win32_1.1.100.202309141235/tools/bin/../lib/gcc/arm-none-eabi/11.3.1/thumb/v7e-m+fp/hard/crti.o
                0x000000000800b750                _init
 .init          0x000000000800b754        0x8 C:/ST/STM32CubeIDE_1.14.1/STM32CubeIDE/plugins/com.st.stm32cube.ide.mcu.externaltools.gnu-tools-for-stm32.11.3.rel1.win32_1.1.100.202309141235/tools/bin/../lib/gcc/arm-none-eabi/11.3.1/thumb/v7e-m+fp/hard/crtn.o
 *(.fini)
 .fini          0x000000000800b75c        0x4 C:/ST/STM32CubeIDE_1.14.1/STM32CubeIDE/plugins/com.st.stm32cube.ide.mcu.externaltools.gnu-tools-for-stm32.11.3.rel1.win32_1.1.100.202309141235/tools/bin/../lib/gcc/arm-none-eabi/11.3.1/thumb/v7e-m+fp/hard/crti.o
                0x000000000800b75c                _fini
 .fini          0x000000000800b760        0x8 C:/ST/STM32CubeIDE_1.14.1/STM32CubeIDE/plugins/com.st.stm32cube.ide.mcu.externaltools.gnu-tools-for-stm32.11.3.rel1.win32_1.1.100.202309141235/tools/bin/../lib/gcc/arm-none-eabi/11.3.1/thumb/v7e-m+fp/hard/crtn.o
                0x000000000800b768                . = ALIGN (0x4)
                0x000000000800b768                _etext = .

.vfp11_veneer   0x000000000800b768        0x0
 .vfp11_veneer  0x000000000800b768        0x0 linker stubs

.v4_bx          0x000000000800b768        0x0
 .v4_bx         0x000000000800b768        0x0 linker stubs

.iplt           0x000000000800b768        0x0
 .iplt          0x000000000800b768        0x0 C:/ST/STM32CubeIDE_1.14.1/STM32CubeIDE/plugins/com.st.stm32cube.ide.mcu.externaltools.gnu-tools-for-stm32.11.3.rel1.win32_1.1.100.202309141235/tools/bin/../lib/gcc/arm-none-eabi/11.3.1/thumb/v7e-m+fp/hard/crtbegin.o

.rodata         0x000000000800b768      0x52c
                0x000000000800b768                . = ALIGN (0x4)
 *(.rodata)
 .rodata        0x000000000800b768       0x81 ./Core/Src/gps.o
 *fill*         0x000000000800b7e9        0x3 
 .rodata        0x000000000800b7ec        0xc C:/ST/STM32CubeIDE_1.14.1/STM32CubeIDE/plugins/com.st.stm32cube.ide.mcu.externaltools.gnu-tools-for-stm32.11.3.rel1.win32_1.1.100.202309141235/tools/bin/../lib/gcc/arm-none-eabi/11.3.1/../../../../arm-none-eabi/lib/thumb/v7e-m+fp/hard\libc_nano.a(libc_a-nano-vfscanf_i.o)
 *(.rodata*)
 .rodata.PRINT_VALUE
                0x000000000800b7f8        0xa ./Core/Src/display.o
                0x000000000800b7f8                PRINT_VALUE
 *fill*         0x000000000800b802        0x2 
 .rodata.AHBPrescTable
                0x000000000800b804       0x10 ./Core/Src/system_stm32l4xx.o
                0x000000000800b804                AHBPrescTable
 .rodata.APBPrescTable
                0x000000000800b814        0x8 ./Core/Src/system_stm32l4xx.o
                0x000000000800b814                APBPrescTable
 .rodata.MSIRangeTable
                0x000000000800b81c       0x30 ./Core/Src/system_stm32l4xx.o
                0x000000000800b81c                MSIRangeTable
 .rodata._printf_float.str1.1
                0x000000000800b84c       0x10 C:/ST/STM32CubeIDE_1.14.1/STM32CubeIDE/plugins/com.st.stm32cube.ide.mcu.externaltools.gnu-tools-for-stm32.11.3.rel1.win32_1.1.100.202309141235/tools/bin/../lib/gcc/arm-none-eabi/11.3.1/../../../../arm-none-eabi/lib/thumb/v7e-m+fp/hard\libc_nano.a(libc_a-nano-vfprintf_float.o)
                                         0x12 (size before relaxing)
 .rodata._printf_i.str1.1
                0x000000000800b85c       0x22 C:/ST/STM32CubeIDE_1.14.1/STM32CubeIDE/plugins/com.st.stm32cube.ide.mcu.externaltools.gnu-tools-for-stm32.11.3.rel1.win32_1.1.100.202309141235/tools/bin/../lib/gcc/arm-none-eabi/11.3.1/../../../../arm-none-eabi/lib/thumb/v7e-m+fp/hard\libc_nano.a(libc_a-nano-vfprintf_i.o)
 .rodata._scanf_float.str1.1
                0x000000000800b87e        0x5 C:/ST/STM32CubeIDE_1.14.1/STM32CubeIDE/plugins/com.st.stm32cube.ide.mcu.externaltools.gnu-tools-for-stm32.11.3.rel1.win32_1.1.100.202309141235/tools/bin/../lib/gcc/arm-none-eabi/11.3.1/../../../../arm-none-eabi/lib/thumb/v7e-m+fp/hard\libc_nano.a(libc_a-nano-vfscanf_float.o)
                                          0x6 (size before relaxing)
 .rodata._dtoa_r.str1.1
                0x000000000800b883       0x8d C:/ST/STM32CubeIDE_1.14.1/STM32CubeIDE/plugins/com.st.stm32cube.ide.mcu.externaltools.gnu-tools-for-stm32.11.3.rel1.win32_1.1.100.202309141235/tools/bin/../lib/gcc/arm-none-eabi/11.3.1/../../../../arm-none-eabi/lib/thumb/v7e-m+fp/hard\libc_nano.a(libc_a-dtoa.o)
                                         0x8f (size before relaxing)
 .rodata._Balloc.str1.1
                0x000000000800b910       0x59 C:/ST/STM32CubeIDE_1.14.1/STM32CubeIDE/plugins/com.st.stm32cube.ide.mcu.externaltools.gnu-tools-for-stm32.11.3.rel1.win32_1.1.100.202309141235/tools/bin/../lib/gcc/arm-none-eabi/11.3.1/../../../../arm-none-eabi/lib/thumb/v7e-m+fp/hard\libc_nano.a(libc_a-mprec.o)
                                         0x70 (size before relaxing)
 .rodata.__multadd.str1.1
                0x000000000800b969       0x11 C:/ST/STM32CubeIDE_1.14.1/STM32CubeIDE/plugins/com.st.stm32cube.ide.mcu.externaltools.gnu-tools-for-stm32.11.3.rel1.win32_1.1.100.202309141235/tools/bin/../lib/gcc/arm-none-eabi/11.3.1/../../../../arm-none-eabi/lib/thumb/v7e-m+fp/hard\libc_nano.a(libc_a-mprec.o)
 *fill*         0x000000000800b969        0x7 
 .rodata.__mprec_bigtens
                0x000000000800b970       0x28 C:/ST/STM32CubeIDE_1.14.1/STM32CubeIDE/plugins/com.st.stm32cube.ide.mcu.externaltools.gnu-tools-for-stm32.11.3.rel1.win32_1.1.100.202309141235/tools/bin/../lib/gcc/arm-none-eabi/11.3.1/../../../../arm-none-eabi/lib/thumb/v7e-m+fp/hard\libc_nano.a(libc_a-mprec.o)
                0x000000000800b970                __mprec_bigtens
 .rodata.__mprec_tens
                0x000000000800b998       0xc8 C:/ST/STM32CubeIDE_1.14.1/STM32CubeIDE/plugins/com.st.stm32cube.ide.mcu.externaltools.gnu-tools-for-stm32.11.3.rel1.win32_1.1.100.202309141235/tools/bin/../lib/gcc/arm-none-eabi/11.3.1/../../../../arm-none-eabi/lib/thumb/v7e-m+fp/hard\libc_nano.a(libc_a-mprec.o)
                0x000000000800b998                __mprec_tens
 .rodata.p05.0  0x000000000800ba60        0xc C:/ST/STM32CubeIDE_1.14.1/STM32CubeIDE/plugins/com.st.stm32cube.ide.mcu.externaltools.gnu-tools-for-stm32.11.3.rel1.win32_1.1.100.202309141235/tools/bin/../lib/gcc/arm-none-eabi/11.3.1/../../../../arm-none-eabi/lib/thumb/v7e-m+fp/hard\libc_nano.a(libc_a-mprec.o)
 .rodata._strtod_l.str1.1
                0x000000000800ba6c        0x2 C:/ST/STM32CubeIDE_1.14.1/STM32CubeIDE/plugins/com.st.stm32cube.ide.mcu.externaltools.gnu-tools-for-stm32.11.3.rel1.win32_1.1.100.202309141235/tools/bin/../lib/gcc/arm-none-eabi/11.3.1/../../../../arm-none-eabi/lib/thumb/v7e-m+fp/hard\libc_nano.a(libc_a-strtod.o)
                                          0xf (size before relaxing)
 *fill*         0x000000000800ba6e        0x2 
 .rodata.fpi.1  0x000000000800ba70       0x14 C:/ST/STM32CubeIDE_1.14.1/STM32CubeIDE/plugins/com.st.stm32cube.ide.mcu.externaltools.gnu-tools-for-stm32.11.3.rel1.win32_1.1.100.202309141235/tools/bin/../lib/gcc/arm-none-eabi/11.3.1/../../../../arm-none-eabi/lib/thumb/v7e-m+fp/hard\libc_nano.a(libc_a-strtod.o)
 .rodata.fpinan.0
                0x000000000800ba84       0x14 C:/ST/STM32CubeIDE_1.14.1/STM32CubeIDE/plugins/com.st.stm32cube.ide.mcu.externaltools.gnu-tools-for-stm32.11.3.rel1.win32_1.1.100.202309141235/tools/bin/../lib/gcc/arm-none-eabi/11.3.1/../../../../arm-none-eabi/lib/thumb/v7e-m+fp/hard\libc_nano.a(libc_a-strtod.o)
 .rodata.tinytens
                0x000000000800ba98       0x28 C:/ST/STM32CubeIDE_1.14.1/STM32CubeIDE/plugins/com.st.stm32cube.ide.mcu.externaltools.gnu-tools-for-stm32.11.3.rel1.win32_1.1.100.202309141235/tools/bin/../lib/gcc/arm-none-eabi/11.3.1/../../../../arm-none-eabi/lib/thumb/v7e-m+fp/hard\libc_nano.a(libc_a-strtod.o)
 .rodata._ctype_
                0x000000000800bac0      0x101 C:/ST/STM32CubeIDE_1.14.1/STM32CubeIDE/plugins/com.st.stm32cube.ide.mcu.externaltools.gnu-tools-for-stm32.11.3.rel1.win32_1.1.100.202309141235/tools/bin/../lib/gcc/arm-none-eabi/11.3.1/../../../../arm-none-eabi/lib/thumb/v7e-m+fp/hard\libc_nano.a(libc_a-ctype_.o)
                0x000000000800bac0                _ctype_
 .rodata._svfprintf_r.str1.1
                0x000000000800bbc1       0x11 C:/ST/STM32CubeIDE_1.14.1/STM32CubeIDE/plugins/com.st.stm32cube.ide.mcu.externaltools.gnu-tools-for-stm32.11.3.rel1.win32_1.1.100.202309141235/tools/bin/../lib/gcc/arm-none-eabi/11.3.1/../../../../arm-none-eabi/lib/thumb/v7e-m+fp/hard\libc_nano.a(libc_a-nano-svfprintf.o)
 .rodata.__ssvfscanf_r.str1.1
                0x000000000800bbd2        0x4 C:/ST/STM32CubeIDE_1.14.1/STM32CubeIDE/plugins/com.st.stm32cube.ide.mcu.externaltools.gnu-tools-for-stm32.11.3.rel1.win32_1.1.100.202309141235/tools/bin/../lib/gcc/arm-none-eabi/11.3.1/../../../../arm-none-eabi/lib/thumb/v7e-m+fp/hard\libc_nano.a(libc_a-nano-svfscanf.o)
 .rodata._scanf_i.str1.1
                0x000000000800bbd2       0x12 C:/ST/STM32CubeIDE_1.14.1/STM32CubeIDE/plugins/com.st.stm32cube.ide.mcu.externaltools.gnu-tools-for-stm32.11.3.rel1.win32_1.1.100.202309141235/tools/bin/../lib/gcc/arm-none-eabi/11.3.1/../../../../arm-none-eabi/lib/thumb/v7e-m+fp/hard\libc_nano.a(libc_a-nano-vfscanf_i.o)
 .rodata.str1.1
                0x000000000800bbe4        0x9 C:/ST/STM32CubeIDE_1.14.1/STM32CubeIDE/plugins/com.st.stm32cube.ide.mcu.externaltools.gnu-tools-for-stm32.11.3.rel1.win32_1.1.100.202309141235/tools/bin/../lib/gcc/arm-none-eabi/11.3.1/../../../../arm-none-eabi/lib/thumb/v7e-m+fp/hard\libc_nano.a(libc_a-nano-vfscanf_i.o)
 .rodata._setlocale_r.str1.1
                0x000000000800bbed        0x8 C:/ST/STM32CubeIDE_1.14.1/STM32CubeIDE/plugins/com.st.stm32cube.ide.mcu.externaltools.gnu-tools-for-stm32.11.3.rel1.win32_1.1.100.202309141235/tools/bin/../lib/gcc/arm-none-eabi/11.3.1/../../../../arm-none-eabi/lib/thumb/v7e-m+fp/hard\libc_nano.a(libc_a-locale.o)
                                          0x9 (size before relaxing)
 .rodata.str1.1
                0x000000000800bbf5        0x2 C:/ST/STM32CubeIDE_1.14.1/STM32CubeIDE/plugins/com.st.stm32cube.ide.mcu.externaltools.gnu-tools-for-stm32.11.3.rel1.win32_1.1.100.202309141235/tools/bin/../lib/gcc/arm-none-eabi/11.3.1/../../../../arm-none-eabi/lib/thumb/v7e-m+fp/hard\libc_nano.a(libc_a-locale.o)
 .rodata.__assert_func.str1.1
                0x000000000800bbf5       0x3c C:/ST/STM32CubeIDE_1.14.1/STM32CubeIDE/plugins/com.st.stm32cube.ide.mcu.externaltools.gnu-tools-for-stm32.11.3.rel1.win32_1.1.100.202309141235/tools/bin/../lib/gcc/arm-none-eabi/11.3.1/../../../../arm-none-eabi/lib/thumb/v7e-m+fp/hard\libc_nano.a(libc_a-assert.o)