../Core/Src/ht16k33.c:66:6:_refresh	16	static
../Core/Src/ht16k33.c:78:6:_writeCmd	16	static
../Core/Src/ht16k33.c:83:6:_writePos	24	static
../Core/Src/ht16k33.c:96:6:_writePosPoint	16	static
../Core/Src/ht16k33.c:109:6:seg7_init	8	static
../Core/Src/ht16k33.c:114:6:seg7_reset	8	static
../Core/Src/ht16k33.c:122:6:seg7_clearCache	16	static
../Core/Src/ht16k33.c:128:6:seg7_refresh	8	static
../Core/Src/ht16k33.c:132:6:seg7_displayOn	8	static
../Core/Src/ht16k33.c:138:6:seg7_displayOff	8	static
../Core/Src/ht16k33.c:143:6:seg7_setBlinkRate	16	static
../Core/Src/ht16k33.c:151:6:seg7_setBrightness	16	static
../Core/Src/ht16k33.c:163:6:seg7_setDigits	16	static
../Core/Src/ht16k33.c:171:6:seg7_displayClear	16	static
../Core/Src/ht16k33.c:177:5:seg7_displayInt	40	static
../Core/Src/ht16k33.c:213:5:seg7_displayTime	24	static
../Core/Src/ht16k33.c:229:6:seg7_display	24	static
../Core/Src/ht16k33.c:243:6:seg7_displayPoint	16	static
../Core/Src/ht16k33.c:250:6:seg7_displayColon	16	static
../Core/Src/ht16k33.c:254:6:seg7_displayRaw	16	static
